Gll^Fp, Gll^Fp, Gll^Fp, Gll^Fp, Gll^Fp, Gll^Fp, Gll^Fp, Gll^Fp, Gll^Fp, Gll^Fp, Gll^Fp, Gll^Fp, Gll^Fp, Gd, Re, Gd, Hhd, Hhd, Hhd, Hhd, Hhd, Gd, Md, Gd, Md, Mm^Xm, Md, Mm^Xm, Mm^Xm, Gd, Mm^Xm, Md, Md, Md, Md, Md, Hhd, Hhd, Hhd, Hhd, Hhd, Hhd, Hhd, Gd, Gd^Es, Gll, Hhd, Gll, Gd, Gd, Gd, Rb^Gvs, Re, Gd, Gll
Gll^Fp, Gll^Fp, Gll^Fp, Gll^Em, Gll^Fp, Gll^Fp, Gll^Fp, Gll^Fmf, Gll^Fmf, Gll^Fp, Gll^Fp, Gll^Fp, Gd, Gd, Re, Hhd, Rb^Vc, Hhd, Hhd, Hhd, Md, Md, Mm^Xm, Mm^Xm, Mm^Xm, Mm^Xm, Md, Md, Md, Mm^Xm, Mm^Xm, Md, Md, Md, Hhd, Hhd, Hhd, Hhd, Hhd, Hhd, Hhd, Hhd, Gd^Es, Gd^Es, Gd^Es, Hhd, Hhd, Hhd, Hhd, Gd, Chr, Re, Gd, Gd, Gll
Gll^Fp, Gll^Fmf, Gll^Fmf, Gll^Fp, Gll^Fp, Gll^Fp, Gll^Em, Gll^Fmf, Gll^Fp, Gll^Fp, Gll^Fp, Gll^Fmf, Rb^Gvs, Rb^Gvs, Rb^Gvs, Re, Rb^Gvs, Hhd, Hhd, Hhd, Md, Md, Mm^Xm, Md, Md, Md, Md, Md, Mm^Xm, Mm^Xm, Mm^Xm, Md, Md, Hhd, Hhd, Gd^Es, Gd^Es, Gd^Es, Gd, Hhd, Gd, Hhd, Gd, Gd, Gd^Es, Gd^Es, Hhd, Hhd, Rb^Gvs, Gd, Gd, Re, Chr, Gd, Gll
Gll^Fp, Gll^Fp, Gll^Em, Gll^Fp, Gll^Fp, Gll^Fp, Gll^Fp, Gll^Fp, Gll^Fmf, Gll^Fp, Gll^Fp, Gll^Fp, Rb^Gvs, Rb^Gvs, Rb^Vc, Re, Gd, Hhd, Md, Md, Md, Mm^Xm, Md, Md, Hhd, Md, Wwg^Dr, Md, Md, Md, Mm^Xm, Md, Hhd, Md, Hhd, Hhd, Gd^Es, Gd^Es, Gd, Gd, Gd, Gd, Re^Edt, Re^Vct, Re, Gd, Rb^Gvs, Rb^Gvs, Rb^Vhr, Rb^Gvs, Re, Re, Gd, Gd, Gll
Wwg, Gll^Fp, Gll^Fp, Gll^Fp, Gll^Fp, Gll^Fp, Gll^Fp, Gll^Fp, Gll^Fp, Gll^Fp, Gll^Fp, Gd, Rb^Gvs, Rb^Gvs, Re, Re, Hhd, Hhd, Hhd, Hhd, Md, Md, Hhd, Md, Wwg, Md, Wwg, Md, Mm^Xm, Mm^Xm, Md, Hhd, Hhd, Hhd, Hhd, Gd, Gd, Gd, Gd, Gd, Re, Re^Edt, Ce, Re, Re, Re^Vct, Rb^Gvs, Rb^Gvs, Rb^Gvs, Rb^Gvs, Re, Gd, Gll^Fdf, Gd, Gll^Fdf
Wog, Wwg, Wog, Wwg, Wog, Wwg, Wwg, Gll^Em, Wwg, Gll^Fp, Gd, Gd, Gd, Gd, Re, Gd, Gd^Efm, Gd, Hhd, Hhd, Hhd, Hhd, Hhd, Hhd, Wwrg, Wwg, Hhd, Hhd, Md, Mm^Xm, Md, Md, Md, Hhd, Gd^Es, Gd^Es, Gd, Gd, Ce^Ecf, Gd, Re, Ce, 4 Ke, Ce, Re, Re, Rb^Gvs, Rb^Gvs, Re^Vct, Re^Vct, Gd, Gd, Gll^Fdf, Gll^Fdf, Gll^Fdf
Wwg, Wog, Wwg, Wog, Wwg, Wog, Wwg, Wwg, Wog, Wwg, Wwg, Gd, Ce, Ce, Ce, Gd, Gd^Efm, Gd^Efm, Gd, Gd, Gd, Gd, Hhd, Wwg, Wwg, Hhd, Hhd, Hhd, Md, Mm^Xm, Md, Wwg^Dr, Wwg, Hhd, Gd^Es, Gd, Gd, Gd, Gd, Gd, Re, Ce, Ce, Ce, Re, Re^Vct, Re, Re, Re, Re^Vct, Gd, Gd^Efm, Gd^Efm, Gll^Fdf, Gll^Fdf
Gll^Fp, Gll^Fp, Gll^Fp, Wwg, Gll^Fp, Wwg, Gll^Fp, Wwg, Wwg, Wog, Wog, Wwg, Ce, 1 Ke, Ce, Gd, Hhd, Hhd, Hhd, Gd^Efm, Gd, Hhd, Hhd, Hhd, Wwg, Wwg, Hhd, Hhd, Md, Mm^Xm, Md, Md, Hhd, Wwg, Gd^Es, Gd, Rb^Edt, Gd, Ce^Ecf, Gd, Gd, Re, Re, Re, Gd, Re, Re, Ce^Vct, Re, Gd, Re^Vct, Gd, Gd, Gll^Fdf, Gll^Fdf
Gll^Fp, Gll^Fp, Gll^Fmf, Gll^Fp, Gll^Fp, Gll^Fp, Gll^Fp, Gll^Fp, Wwg, Wog, Wog, Wwg, Wwg, Ce, Wwg, Gd, Gd, Gd, Gd, Gd, Gd, Gd, Gd, Wwrg, Wwg, Hhd, Hhd, Hhd, Md, Md, Hhd, Hhd, Gd, Wwrg, Gd, Rb^Edt, Re^Vhr, Rb^Edt, Gd, Gd, Ce^Ecf, Gd, Gd, Re, Gd, Gd, Gd, Re, Re^Vct, Re, Re, Re, Re^Vct, Gd, Gll
Gll^Fmf, Gll^Fp, Gll^Em, Gll^Fp, Gd, Gll^Fp, Ce, Ce, Ce, Wwg, Wwg, Wwg, Wwg, Wwg^Bw|, Rb, Wwg, Wwg, Wwg, Wwg, Wwg, Wwg, Wwg, Wwg, Wwg, Hhd, Hhd, Hhd, Md, Hhd, Hhd, Hhd, Gd, Wwg, Wwg, Rb^Gvs, Rb^Gvs, Gd^Fdf, Re^Edt, Re, Re, Re, Gd, Re, Re, Gd, Gd^Fdf, Gd^Fdf, Gd, Re, Re, Ce, Re, Re, Gd, Gd
Gll^Fmf, Gll^Fmf, Gll^Fp, Gll^Fp, Re^Vct, Re, Ce, 2 Ke, Ce, Wwg, Wwg, Wwg, Re, Re, Re, Rb, Re^Edt, Rb, Re, Rb, Hhd, Hhd, Hhd, Hhd, Rb^Vc, Hhd, Re, Gd, Gd, Gd, Re, Gd, Wwrg, Rb^Gvs, Rb^Gvs, Rb^Gvs, Rb^Gvs, Rb^Gvs, Rb^Gvs, Gd^Fdf, Rb^Gvs, Re, Re^Vhr, Gd, Gd, Gd^Fdf, Gd^Fdf, Gd, Re, Ce, 5 Ke, Ce, Re, Gd, Gd
Gll^Fp, Gll^Fp, Gll^Fp, Gd, Gd, Re, Re, Ce, Re, Wwg, Wwg^Bw/, Wwg^Bw/, Rb, Re^Edt, Rb, Re, Rb, Re^Edt, Rb, Re, Re^Edt, Re, Re, Re^Edt, Re^Edt, Re^Edt, Rb, Re, Re^Edt, Re^Edt, Wwg^Edb, Wwg^Bsb\, Re, Rb^Gvs, Rb^Vc, Rb^Edt, Rb^Gvs, Rb^Gvs, Re^Edt, Rb^Gvs, Re^Edt, Re^Edt, Rb^Edt, Re, Re, Ce^Ecf, Gd, Gd, Re, Ce, Ce, Ce, Re, Gll^Fdf, Gll^Fdf
Gll^Fp, Gll^Em, Gll^Fp, Gll^Fp, Gd, Gd^Efm, Gd, Re, Gd, Re, Wwg, Wwg, Wwg, Rb, Wwg, Wwf^Es, Wwg, Rb, Gll^Fmw, Rb, Rb, Rb, Rb, Rb, Wwg, Wwg, Wwg, Rb, Rb, Wwg^Es, Chr, Wwg^Edb, Wwg^Es, Re, Re, Re^Edt, Re^Edb, Re, Rb^Gvs, Re^Edb, Rb^Gvs, Rb^Edt, Rb^Gvs, Rb^Gvs, Re, Gd, Ce^Ecf, Gd, Gd, Re, Re, Re, Gll^Fdf, Gll^Fdf, Gll^Fdf
Gll^Fp, Gll^Fp, Gll^Fmf, Gll^Fp, Gll^Fp, Gd, Gd, Re, Gd^Efm, Gd^Efm, Gd, Wwg, Wog, Wwg, Rr, Rr, Rr, Wwg, Gll^Fmw, Gll^Fmw, Wwg, Wwg, Wwg, Wwg, Ch, Kh, Ch, Wwg, Wwg^Es, Wwg^Edb, Chr, Chr, Chr, Wwg^Es, Iwr^Edb, Re^Edb, Rb^Gvs, Rb^Gvs, Rb^Gvs, Rb^Gvs, Rb^Edb, Rb^Wm, Rb^Edb, Rb^Gvs, Rb^Gvs, Re, Gd, Gd, Ce^Ecf, Gd, Re, Gll^Fdf, Gll^Fdf, Gll^Fdf, Gll^Fdf
Gll^Fmf, Gll^Fp, Gll^Fmf, Gll^Fmf, Rb^Gvs, Rb^Gvs, Re, Re, Gd^Wm, Gd^Efm, Gd, Wwg, Wog, Wwg, Gll^Fp, Rr, Gll^Fp, Wwg, Wwg, Wwg, Kh, Wwg, Ch, Ch, Rr, Rp, Rr^Vhh, Ch, Kh, Chr, Isa^Edb, Isa^Edb, Isa^Edb, Iwr^Edb, Chr, Wwg^Es, Wwg^Es, Rb^Gvs, Rb^Gvs, Rb^Gvs, Rb^Gvs, Rb^Edb, Rb^Gvs, Rb^Gvs, Re^Vhr, Re, Re, Gd, Re, Gd, Re, Rb^Gvs, Rb^Gvs, Gll^Fdf, Gll^Fdf
Gll^Fdf, Gll^Fdf, Gll^Fdf, Rb^Gvs, Rb^Gvs, Rb^Vc, Rb^Gvs, Re, Re, Rb^Gvs, Rb^Gvs, Wwg, Wog, Wwg, Gll^Fp, Rp^Vhcr, Gll^Fp, Wwg, Wwg, Kh, Kh, Kh, Rp, Rp, Rr^Vhc, Rr, Isa, Rr, Rr^Vhc, Kh, Isa, Isa^Edb, Isa, Isa^Edb, Chr, Chr, Chr, Wwg^Edb, Rb^Gvs, Rb^Gvs, Rb^Gvs, Rb^Gvs, Re, Re^Edt, Rb^Edt, Rb^Edt, Rb^Gvs, Re, Rb^Gvs, Re, Rb^Edt, Re^Vhr, Rb^Gvs, Rb^Gvs, Gll^Fdf
Gll^Fdf, Gll^Fdf, Gll^Fdf, Rb^Gvs, Rb^Gvs, Rb^Gvs, Rb^Gvs, Re, Re^Eff, Re^Eff, Rb^Gvs, Wwg, Wwg, Wwg, Wwg, Rr, Wwg, Wwg, Ch, Kh, Rr, Rr, Rr^Vhc, Rr, Isa, Isa, Isa, Isa, Isa, Isa, Rr^Vhc, Kh, Kh, Chr, Wwg^Es, Wwg^Edb, Wwg^Es, Wwg^Edb, Rb^Gvs, Rb^Gvs, Rb^Gvs, Rb^Gvs, Re, Rb^Gvs, Rb^Gvs, Rb^Gvs, Rb^Gvs, Rb^Gvs, Rb^Gvs, Re, Rb^Gvs, Rb^Gvs, Rb^Gvs, Rb^Gvs, Rb^Gvs
Re, Gll^Fdf, Rb^Gvs, Rb^Gvs, Rb^Gvs, Rb^Gvs, Re, Re, Rb^Gvs, Rb^Gvs, Rb^Gvs, Rb^Gvs, Wwg, Wwg, Wwg, Wwg^Bsb|, Ch, Ch, Re^Edt, Rr, Isa^Vh, Rr, Isa, Isa, Kh, Kh, Kh, Isa, Isa, Isa, Isa, Rr, Rr^Vhh, Ch, Ch, Wwg, Wwg, Rb^Gvs, Wwg, Rb^Gvs, Re, Re, Gd^Fdf, Rb^Gvs, Gd^Fdf, Rb^Gvs, Gd^Fdf, Rb^Gvs, Rb^Gvs, Re, Rb^Gvs, Rb^Gvs, Rb^Gvs, Rb^Gvs, Rb^Gvs
Re, Re, Re^Eff, Rb^Gvs, Rb^Gvs, Rb^Gvs, Re, Rb^Gvs, Rb^Gvs, Rb^Vc, Rb^Gvs, Rb^Gvs, Wwg, Wog, Wog, Kh, Ch, Re^Vc, Rb^Edt, Re, Rr, Rr, Rr^Vhc, Kh, Kh, 3 Kh, Kh, Kh, Isa, Isa, Rr^Vhh, Rr, Rr, Rr, Ch, Kh, Wwg, Wwg, Re, Wwg^Bw/, Gd^Fdf, Gd^Fdf, Gd^Fdf, Gd^Fdf, Gd^Fdf, Gd^Fdf, Gd^Fdf, Gd^Fdf, Re, Re, Gll^Fdf, Rb^Gvs, Gll^Fdf, Rb^Gvs, Gll^Fdf
Gll^Fdf, Re^Eff, Re^Eff, Rb^Gvs, Rb^Gvs, Rb^Gvs, Rb^Gvs, Re, Re^Eff, Rb^Gvs, Rb^Gvs, Rb^Gvs, Wwg, Wog, Wog, Gll^Fp, Gll^Fp, Ch, Ch, Rr^Vh, Rp, Rp, Rr, Rr, Rr^Vhc, Kh, Isa, Isa, Ch^Vhc, Rr, Rr, Rp, Ch, Ch, Wwg, Wwg, Gd, Gd, Re, Wwg, Wwg, Gd^Fdf, Wwg, Wwg, Wwg, Wwg, Wwf^Es, Re, Gll^Fdf, Gll^Fdf, Gll^Fdf, Gll^Fdf, Gll^Fdf, Gll^Fdf, Gll^Fdf
Gll^Fdf, Gll^Fdf, Re^Eff, Re^Eff, Rb^Gvs, Rb^Gvs, Re, Re, Re, Re^Eff, Rb^Gvs, Rb^Gvs, Gll^Fdf, Wwg, Wwg, Wwg, Wwg, Gll^Fp, Gll^Fp, Ch, Rp^Es, Rp, Ch, Rr, Rr, Rr, Isa^Vhh, Rr, Rr, Rr, Kh, Kh, Wwg, Wwg, Re, Re, Re, Re, Gd^Vhr, Gd, Gd^Fdf, Wwg, Gd^Fdf, Gd^Fdf, Gd^Fdf, Gd^Fdf, Re, Wwf^Es, Wwg, Gll^Fdf, Gll^Fdf, Gll^Fdf, Hhd^Fdf, Gll^Fdf, Gll^Fdf
Gll^Fdw, Gll^Fdf, Gll^Fdf, Re^Eff, Re^Eff, Rb^Vc, Rb^Gvs, Rb^Gvs, Re, Gll^Fdf, Rb^Gvs, Rb^Gvs, Gll^Fdf, Gll^Fdf, Gll^Fdf, Wwg, Wog, Wwg, Wwg, Gll^Fp, Gll^Fp, Kh, Kh, Ch, Ch, Rr, Rr, Rr, Ch, Kh, Kh, Kh, Wwg, Gd, Re, Hhd, Hhd, Hhd, Hhd, Hhd, Hhd^Fdf, Gd^Fdf, Hhd^Fdf, Gd^Fdf, Hhd^Fdf, Re, Hhd, Hhd, Wwrg, Hhd^Fdf, Hhd^Vhhr, Hhd^Fdf, Hhd^Fdf, Gll^Fdf, Hhd^Fdf
Gll^Fdw, Gll^Fdw, Gll^Fdf, Gll^Fdf, Re^Eff, Re^Eff, Rb^Gvs, Rb^Wm, Re, Rb^Gvs, Re, Rb^Vc, Gll^Fdf, Gll^Fdw, Gll^Fdf, Wwg, Wwg, Wog, Wwg, Gll^Fp, Gll^Fp, Gll^Em, Gll^Em, Kh, Rp^Es, Rp, Ch, Ch, Wwg, Wwg, Wwg, Wwg, Gd, Gd, Re, Hhd, Md, Hhd, Md, Md, Md, Md, Md, Hhd^Fdf, Md, Md^Vhh, Md, Hhd, Wwrg, Hhd, Hhd, Hhd, Hhd, Hhd, Hhd
Gll^Fdf, Gll^Fdf, Re^Eff, Re^Eff, Rb^Gvs, Rb^Gvs, Rb^Gvs, Rb^Gvs, Re, Re, Wwg^Bp\, Wwg, Wwg, Wwg, Wwg, Wwg, Gll^Fdf, Wwg, Wwg^Es, Wwg, Wwg, Gll^Feth, Gll^Fp, Gll, Ch, Ch, Wwg, Wwg, Gd, Gd, Gd, Gd, Re, Re, Hhd, Hhd, Md, Md, Md, Mm, Md, Md, Mm^Xm, Md, Mm^Xm, Md, Md, Md, Md, Wwrg, Md, Md, Md, Hhd, Hhd
Ss, Re^Eff, Re^Eff, Rb^Gvs, Rb^Gvs, Rb^Gvs, Rb^Gvs, Rb^Gvs, Re, Gll^Fdf, Wwg, Re, Re, Gd, Hhd, Gll^Fdf, Hhd, Hhd, Wwrg, Wwg, Wwg, Gll^Fp, Gll^Fp, Kh, Wwg, Wwg, Gll^Fp, Gd, Re, Re, Re, Re, Rb^Gvs, Re, Re, Hhd, Hhd, Wwg, Hhd, Md, Hhd, Md, Md, Mm^Xm, Mm^Xm, Mm^Xm, Mm^Xm, Md, Mm^Xm, Md, Md, Md, Md, Md, Mm
Ss, Ss, Gll^Fdw, Re^Eff, Rb^Vc, Rb^Gvs, Re, Re, Gll^Fdf, Wwg, Gd, Gd, Gll^Fdf, Re, Rb^Gvs, Rb^Gvs, Rb^Gvs, Gll^Fdf, Hhd, Wwg^Es, Wwg, Wwg, Wwg, Wwg, Wwg, Gll^Fp, Gd^Fmf, Gd^Fmf, Re, Gd^Fmf, Gd, Gd^Vhr, Rb^Gvs, Rb^Gvs, Re, Rb^Gvs, Wwrg, Wwg, Rb^Gvs, Hhd, Hhd, Md, Md, Md, Mm^Xm, Mm^Xm, Md, Mm^Xm, Md, Mm^Xm, Mm^Xm, Mm^Xm, Mm^Xm, Md, Mm^Xm
Ss, Ss, Ss, Gll^Fdf, Gll^Fdf, Re, Gd, Gll^Fdf, Gll^Fdf, Wwg, Gd, Hhd, Gll^Fdf, Re, Rb^Vc, Rb^Gvs, Rb^Gvs, Gll^Fdf, Hhd^Fdf, Wwrg, Wwg^Es, Wwg, Wog, Wog, Wwg, Gll^Fp, Gll^Fp, Gd^Fmf, Re, Gd, Gll^Fp, Rb^Gvs, Rb^Gvs, Rb^Gvs, Rb^Gvs, Wwg^Bw\, Re, Rb^Vhr, Rb^Gvs, Rb^Gvs, Hhd, Md, Md, Md, Md, Md, Md, Md, Wwr, Md, Md, Md, Md, Mm^Xm, Mm^Xm
Wwg, Wwg, Wwg, Ss, Wwg, Re, Wwf^Es, Gll^Fdf, Wwg, Wwg, Gd^Eff, Gll^Fdf, Gll^Fdf, Re, Re, Rb^Gvs, Rb^Gvs, Rb^Gvs, Hhd^Fdf, Hhd^Fdf, Gd, Wwg^Es, Wwg, Wwg, Wwg, Wwg, Wwg, Wwg, Wwg^Bw|, Wwg, Wwg, Wwg, Wwg, Wwg, Wwg, Wwg, Re, Rb^Gvs, Rb^Gvs, Rb^Gvs, Hhd, Md, Md, Md, Md, Md, Md, Wwg, Md, Md, Md, Md, Mm^Xm, Mm^Xm, Mm^Xm
Ss, Ss, Ss, Wwg, Ss, Wwf^Es, Re, Wwg, Gll^Fdf, Gd^Eff, Re, Re, Hhd^Fdf, Hhd^Fdf, Re, Rb^Gvs, Rb^Gvs, Rb^Gvs, Hhd^Fdf, Hhd^Fdf, Gll^Fdf, Gd, Gd, Gd, Gd^Eff, Wwg, Wwg, Wwg, Re, Wwg, Wwg, Wwg, Wwg, Wwg, Wwg, Wwg, Wwg, Re, Re, Rb^Gvs, Hhd, Md, Md, Md, Md, Md^Vhhr, Hhd, Wwg, Wwrg, Md, Md, Md, Md, Md, Mm^Xm
Ss, Ss, Gll^Fmf, Gll^Fmf, Gll^Feth, Re, Gd, Gll^Fdf, Hhd^Fdf, Re, Rb^Vc, Rb^Gvs, Rb^Gvs, Hhd^Wm, Gd^Eff, Re, Re, Gd, Rb^Gvs, Rb^Gvs, Rb^Gvs, Gll^Fdf, Re, Gd^Eff, Rb^Gvs, Gd^Eff, Gd^Eff, Gd, Re, Gd, Gd, Gd, Gd, Gd, Gd, Wwg, Wwg, Wwg, Gd, Re, Re, Hhd, Hhd, Hhd, Hhd, Re^Dr, Re, Hhd, Wwg, Md, Md, Md, Md, Md, Mm^Xm
Ss, Gll^Fmf, Gll^Fmf, Rb^Gvs, Rb^Gvs, Re, Re, Gll^Fdf, Hhd^Fdf, Hhd^Fdf, Gd, Rb^Gvs, Rb^Gvs, Rb^Gvs, Gll^Fdf, Gd^Eff, Re, Rb^Gvs, Rb^Gvs, Rb^Gvs, Rb^Gvs, Re, Rb^Gvs, Rb^Vhr, Rb^Gvs, Rb^Gvs, Rb^Gvs, Gd, Re, Gll^Fdf, Gll^Fdf, Gll^Fdf, Rb^Gvs, Gd^Eff, Gd^Eff, Gd, Wwg, Wwg, Gd, Re, Gd, Re, Re, Hhd, Re, Hhd, Re, Hhd, Wwrg, Md, Md, Md, Mm^Xm, Mm^Xm, Mm^Xm
Ss, Gll^Fmf, Rb^Gvs, Rb^Gvs, Rb^Gvs, Rb^Gvs, Rb^Vc, Re, Re, Re, Gd, Rb^Gvs, Rb^Gvs, Rb^Gvs, Gll^Fdf, Gll^Fdf, Re, Rb^Vc, Rb^Gvs, Rb^Gvs, Gll^Fdf, Re, Rb^Gvs, Rb^Gvs, Rb^Gvs, Rb^Gvs, Re, Re, Hhd, Hhd^Fdf, Gll^Fdf, Rb^Gvs, Rb^Gvs, Rb^Gvs, Rb^Gvs, Gd, Wwg, Wwg, Wwg, Gd, Gd, Re, Gd, Re, Gd, Re, Gd, Gd, Wwg, Md, Md, Md, Md, Mm^Xm, Mm^Xm
Ss, Gll^Fmf, Rb^Gvs, Rb^Gvs, Rb^Gvs, Rb^Gvs, Re, Re, Rb^Gvs, Rb^Gvs, Rb^Gvs, Hhd, Gll^Fdf, Gll^Fdf, Gll^Fdf, Gll^Fdf, Gll^Fdf, Re, Re, Re, Gll^Fdf, Gll^Fdf, Re, Rb^Gvs, Gll^Fdf, Gd, Re, Gd^Wm, Hhd, Gll^Fdf, Hhd, Rb^Gvs, Gd^Vhr, Rb^Gvs, Rb^Gvs, Gd, Gd, Wwg, Wwg, Wwg, Wwg, Re, Wwg, Gd, Wwg, Wwg, Wwg, Wwg, Md, Md, Md, Md, Md, Mm^Xm, Mm^Xm
Ss, Gll^Fmf, Gll^Fmf, Rb^Gvs, Gll^Em, Gll, Re, Rb^Gvs, Rb^Gvs, Rb^Gvs, Rb^Gvs, Hhd, Hhd, Hhd, Re, Gd, Gd^Eff, Gd^Eff, Rb^Gvs, Rb^Gvs, Rb^Gvs, Re, Re, Re, Re, Re, Rb^Gvs, Re, Re, Gd, Re, Gd, Re, Rb^Gvs, Gd^Eff, Gd^Eff, Gll^Fdf, Gd, Gd, Wwg, Wwg, Wwf^Es, Wwg, Wwg, Wog, Wwg, Md, Md, Md, Md, Mm^Xm, Md, Md, Md, Mm^Xm
Ss, Ss, Ss, Gll^Em, Gll^Emf, Gll^Em, Re, Rb^Gvs, Rb^Gvs, Rb^Gvs, Rb^Gvs, Hhd^Wm, Re^Es, Re, Rb^Gvs, Re, Re, Rb^Gvs, Rb^Gvs, Rb^Gvs, Rb^Gvs, Rb^Gvs, Re, Gd^Eff, Gd^Eff, Rb^Gvs, Rb^Vhr, Gll^Fmf, Re, Re, Hhd^Fdf, Re, Gll^Fdf, Re, Re, Hhd, Hhd^Fdf, Gll^Fdf, Gd, Gd, Re, Re, Re, Wwg^Bw/, Wwg, Wwg, Wwrg, Md, Md, Mm^Xm, Mm^Xm, Mm^Xm, Mm^Xm, Mm^Xm, Mm^Xm
Ss, Ss, Wwg^Ewl, Ss, Ss, Ss, Re, Gll^Em, Ss^Vhs, Rb^Gvs, Hhd, Hhd, Re, Rb^Gvs, Rb^Gvs, Rb^Gvs, Rb^Gvs, Re, Ce, Ce, Ce, Rb^Gvs, Re, Re, Re, Rb^Gvs, Rb^Gvs, Gd, Re, Gll^Fdf, Hhd^Fdf, Hhd^Fdf, Gll^Fdf, Gll^Fdf, Rb^Gvs, Re, Re, Gd, Re, Re, Rb^Vhr, Gd, Rb^Gvs, Gd, Hhd^Fmf, Wwg, Wwg, Md, Md, Mm^Xm, Md, Mm^Xm, Mm^Xm, Mm^Xm, Mm^Xm
Ss, Ss, Wwg^Ewl, Wwg^Ewl, Ss, Ss, Ss, Ss, Ss, Gll^Em, Gll^Em, Hhd, Re, Rb^Gvs, Rb^Vc, Rb^Gvs, Rb^Gvs, Rb^Gvs, Ce, 6 Ke, Ce, Re, Gd, Gd, Gd, Re, Re, Re, Gll^Fdf, Gll^Fdf, Hhd^Fdf, Hhd^Fdf, Gll^Fdf, Rb^Gvs, Rb^Gvs, Rb^Vhr, Rb^Gvs, Re, Hhd, Rb^Gvs, Rb^Gvs, Rb^Gvs, Rb^Gvs, Hhd^Fmf, Hhd^Fmf, Hhd, Wwrg, Md, Md, Md, Mm^Xm, Mm^Xm, Mm^Xm, Mm^Xm, Mm^Xm
Ss, Ss, Ss, Ss, Ss, Ss, Wwg^Ewl, Wwg^Ewl, Wwg^Ewl, Ss, Gll^Em, Gll, Gll, Re, Gd, Gd, Gd, Gd, Gd, Ce, Gll^Fdf, Gll^Fdf, Gll^Fdf, Gll^Fdf, Gll^Fdf, Gll^Fdf, Gll^Fdf, Gll^Fdf, Gll^Fdf, Hhd^Fdf, Gll^Fdf, Gll^Fdf, Gll^Fdf, Rb^Gvs, Rb^Gvs, Rb^Gvs, Rb^Gvs, Rb^Gvs, Hhd, Rb^Gvs, Rb^Gvs, Rb^Gvs, Hhd, Hhd^Fmf, Hhd, Hhd, Wwg, Md, Md, Md, Md, Md, Mm^Xm, Mm^Xm, Mm^Xm
Ss, Ss, Gd, Ss, Gll, Ss, Ss, Wwg^Ewl, Ss, Ss, Gd, Gll^Em, Gll, Re, Gd, Gd, Gd, Gd, Gd, Gd, Gd, Gll^Fdf, Gll^Fdf, Gll^Fdf, Gll^Fdf, Gll^Fdf, Gll^Fdf, Gll^Fdf, Gll^Fdf, Gll^Fdf, Gll^Fdf, Gll^Fdf, Gll^Fdf, Gll^Fdf, Gll, Rb^Gvs, Gll, Hhd, Gll, Hhd, Gd, Hhd, Gll, Hhd, Gd, Hhd, Gll, Wwrg, Wwg, Md, Md, Md, Md, Mm^Xm, Mm^Xm
