Gll^Fp, Gs, Gll^Fp, Gll^Fp, Gll^Fp, Gll^Fp, Gll^Fp, Gll^Fp, Gll^Fp, Gll^Fp, Gll^Fp, Gll^Fp, Gll^Fp, Gll^Fp, Gll^Fp, Gll^Fp, Gll^Fp, Gll^Fp, Gll^Fp, Gll^Fp, Gll^Fp, Gll^Fp, Gll^Fp, Gs, Gs, Re, Wwg, Wwg, Gll^Fp, Gll^Fp, Gll^Fp, Gll^Fp, Gll^Fp, Gll^Fp, Gll^Fp, Gll^Fp, Gll^Fp, Gll^Fp, Gll^Fp, Gll^Fp, Gll^Fp, Gll^Fp, Gll^Fp, Gll^Fp, Gll^Fp, Gll^Fp, Gll^Fp, Gll^Fp, Gll^Fp
Gll^Fp, Gll^Fp, Gll^Fp, Gll^Fp, Gll^Fp, Gll^Fp, Gll^Fp, Gll^Fp, Gll^Fp, Gll^Fp, Gll^Fp, Gll^Fp, Gll^Fp, Gll^Fp, Gll^Fp, Gll^Fp, Gll^Fp, Gll^Fp, Gll^Fp, Gll^Fp, Gll^Fp, Gll^Fp, Gll^Fp, Gll^Fp, Gs, Re, Wwg, Wwg, Gll^Fp, Gll^Fp, Gll^Fp, Gll^Fp, Gs^Fms, Gll^Fp, Gll^Fp, Gll^Fp, Gll^Fp, Gll^Fp, Gs^Fms, Gll^Fp, Gll^Fp, Gll^Fp, Gll^Fp, Gll^Fp, Gll^Fp, Gll^Fp, Gll^Fp, Gll^Fp, Gll^Fp
Gll^Fp, Gll^Fp, Gll^Fp, Gs^Fms, Gll^Fp, Gs^Fms, Gll^Fp, Gll^Fmw, Gll^Fp, Gs^Fms, Gll^Fp, Gll^Fp, Gll^Fp, Gll^Fp, Gll^Fp, Gll^Fp, Gll^Fp, Gll^Fp, Gll^Fmw, Gll^Fp, Gll^Fp, Gs^Fms, Gll^Fp, Gs, Gs, Re, Wwg, Wwg, Gll^Fp, Gll^Fp, Gll^Fp, Gll^Fp, Gll^Fp, Gll^Fp, Gll^Fp, Gll^Fp, Gs^Fms, Gll^Fp, Gll^Fp, Gll^Fp, Gll^Fp, Gs^Fms, Gll^Fp, Gll^Fp, Gg^Fet, Gll^Fp, Gll^Fp, Gll^Fp, Gll^Fp
Gll^Fp, Gll^Fp, Gll^Fp, Gll^Fmw, Gll^Fp, Gll^Fp, Gll^Fp, Gll^Fp, Gll^Fp, Gll^Fp, Gll^Fmw, Gll^Fp, Gs^Fms, Gll^Fp, Gll^Fp, Gg^Fet, Gll^Fp, Gll^Fp, Gll^Fp, Gll^Fp, Gll^Fp, Gll^Fp, Gs, Gs, Gs, Re, Wwg, Wwg, Gll^Fp, Gll^Fp, Gll^Fp, Gll^Fp, Gll^Fp, Gll^Fp, Gll^Fp, Gll^Fp, Gll^Fp, Gll^Fp, Gll^Eff, Gll^Eff, Gll^Eff, Gll^Fp, Gll^Fp, Gll^Fp, Gll^Fp, Gll^Fp, Gll^Fp, Gll^Fp, Gll^Fp
Gll^Fp, Gll^Fp, Gll^Fp, Gll^Fp, Gll^Fp, Gll^Fp, Gs^Eff, Gll^Eff, Gll^Eff, Gll^Fp, Gll^Fp, Gll^Fp, Gll^Fp, Gll^Fp, Gll^Fp, Gll^Fp, Gll^Fp, Gll^Fp, Gll^Fmw, Gll^Fp, Gll^Fp, Gs, Gs, Gs, Gs, Re, Wwg, Wwg, Gll^Fp, Gs^Fms, Gll^Fp, Gll^Fp, Gs^Fms, Gll^Fp, Gs, Gs, Re, Gll^Eff, Gs^Vl, Rb^Gvs, Rb^Gvs, Gll^Eff, Gll^Eff, Gll^Fp, Gll^Fp, Gll^Fp, Gll^Fp, Gll^Fp, Gll^Fp
Gll^Fp, Gll^Fp, Gs^Fms, Gll^Fp, Gll^Eff, Gll^Eff, Rb^Gvs, Rb^Gvs, Rb^Gvs, Gll^Eff, Gll^Eff, Gll^Fp, Gll^Fmw, Gll^Fp, Gs^Fms, Gll^Fp, Gll^Fp, Gs^Fms, Gll^Fp, Gll^Fp, Gll^Fp, Gll^Fp, Gs, Gs, Ce, Re, Wwrg, Wwg, Wwg, Gll^Fp, Gs^Fms, Gll^Fp, Gll^Fp, Gll^Fp, Re, Re, Gs, Re, Re, Rb^Gvs, Rb^Gvs, Rb^Gvs, Gll^Eff, Gll^Eff, Gll^Fp, Gll^Fp, Gll^Fp, Gll^Fp, Gll^Fp
Gll^Fp, Gll^Fp, Gll^Fmw, Gll^Eff, Gs^Eff, Rb^Gvs, Rb^Gvs, Rb^Gvs, Gs^Vl, Gll^Eff, Gll^Fp, Gll^Fp, Gll^Fp, Gll^Fp, Gll^Fp, Gll^Fp, Gll^Fp, Gll^Fmw, Gll^Fp, Gll^Fp, Gll^Fp, Gs, Gs, Ce, Gs^Vl, Ce, Re, Wwg, Wwg, Wwg, Wwg, Gll^Fp, Re, Re, Gll^Fp, Gs, Gs, Gs, Gs, Re, Re, Gll^Eff, Gll^Fp, Gll^Fp, Gs^Fms, Gll^Fp, Gll^Fp, Gll^Fp, Gll^Fp
Gll^Fp, Gll^Fp, Gll^Fp, Gll^Fp, Gs, Gs^Eff, Gs, Re, Re, Gll^Fp, Gll^Fp, Gs^Fms, Gll^Fp, Gll^Fp, Gll^Eff, Gll^Eff, Gll^Eff, Gll^Fp, Gll^Fp, Gll^Fp, Gll^Fp, Ket, Re, Re, Ce, Re, Re, Ket, Gs, Wwg, Wwg^Bw/, Wwg^Bw/, Wwg, Gs, Gll^Fp, Gll^Fp, Gs^Fms, Gs, Gs, Gs, Re, Gll^Fp, Gll^Fp, Gll^Fp, Gll^Fp, Gll^Fp, Gll^Fp, Gll^Fp, Gll^Fp
Gll^Fp, Gll^Fp, Gs^Fms, Gll^Fp, Gll^Fp, Gs, Gs, Gs, Gs, Re, Re, Gll^Fp, Gll^Eff, Gll^Eff, Rb^Gvs, Rb^Gvs, Gs^Vl, Gll^Eff, Re, Gll^Fp, Gll^Fp, Gs, Re, Ce, 7 Ket, Ce, Re, Gs, Re, Re, Gs, Wwg, Wwg, Wwg, Wwg, Gll^Fp, Gll^Fp, Gll^Fp, Gll^Fp, Gs, Re, Gs, Gs, Gs^Fms, Gll^Fp, Gll^Fp, Gll^Fp, Gll^Fp, Gll^Fp
Gll^Fp, Gll^Fp, Gll^Fmw, Gll^Fp, Gs^Fms, Gll^Fp, Gll^Fp, Gs, Gs, Gs, Gs, Re, Re, Gs^Eff, Gs^Eff, Rb^Gvs, Re, Re, Gs, Re, Re, Re, Re, Ce, Ce, Ce, Re, Re, Gs, Re, Gs^Vl, Rb^Gvs, Rb^Gvs, Wwg, Wwg, Wwg, Wwg, Gll^Fp, Gll^Fp, Gs, Re, Gs, Gs, Gll^Fp, Gll^Fp, Gs^Fms, Gll^Fp, Gll^Fp, Gll^Fp
Gll^Fp, Gll^Fp, Gll^Fp, Gll^Fp, Gll^Fp, Gll^Fp, Gll^Fp, Gs^Fms, Gs, Gs, Re, Re, Gll^Fp, Re, Re, Re, Gs, Gs, Gs, Gs, Gs, Ket, Gs, Re, Gs^Vl, Re, Re, Ket, Gs, Re, Re, Rb^Gvs, Gll^Fp, Gs, Gll^Fp, Wwg, Wwg, Wwrg, Gll^Fp, Gll^Fp, Gs, Re, Re, Gs, Gs, Gll^Fp, Gll^Fp, Gll^Fp, Gll^Fp
Gll^Fp, Gll^Fp, Gs^Fms, Gll^Fmw, Gs, Gll^Fp, Gs, Gs, Re, Re, Gs, Gs, Gs^Fms, Gll^Fp, Gll^Fp, Gs, Gs, Gs, Gs, Gs, Gs, Gs, Gs, Ce, Ce, Ce, Re, Gll^Fp, Gs, Gs, Re, Gs, Gll^Fp, Gll^Fp, Gs, Gll^Fp, Wwg, Wwg, Gll^Fp, Gll^Fp, Gll^Fp, Gs, Gs, Re, Rb^Gvs, Gs, Gll^Fp, Gll^Fp, Gll^Fp
Gll^Fp, Gll^Fp, Gll^Fp, Gs, Gs, Gs, Re, Re, Gs, Gs, Gs, Gs, Gs, Gs, Gs, Gs, Gs, Gs, Gll^Fp, Gll^Fp, Rb^Gvs, Rb^Gvs, Gs, Gs, Gs, Gs, Re, Gll^Fp, Gs, Gs, Gs, Re, Re, Gs, Gs, Gs, Wwg, Wwg, Gs, Gll^Fp, Gs, Gs, Gs, Re, Rb^Gvs, Rb^Gvs, Gll^Fp, Gll^Fp, Gll^Fp
Gll^Fp, Gll^Fp, Gll^Fp, Gll^Fp, Gll^Fp, Rb^Gvs, Gs^Vl, Rb^Gvs, Gll^Fp, Gs, Gs, Gs^Es, Gs, Gs, Gs, Gs, Gs, Gs, Gll^Fp, Gs^Vl, Re, Rb^Gvs, Gs, Gs, Re, Re, Gs, Gs, Gs, Gs, Gs, Gs, Rb^Gvs, Gs^Vl, Rb^Gvs, Gs, Wwg, Wwg, Gll^Fp, Gll^Fp, Gll^Fp, Gs, Gs, Gs^Vl, Gll^Fp, Rb^Gvs, Gll^Fp, Gll^Fp, Gll^Fp
Gll^Fp, Gll^Fp, Gs^Fms, Gll^Fp, Gll^Fp, Rb^Gvs, Gll^Fp, Gll^Fp, Gll^Fp, Gll^Fp, Gll^Fp, Gs, Gll^Fp, Gll^Fp, Gs^Fms, Gll^Fp, Gll^Fp, Gs, Gll^Fp, Gll^Fp, Gll^Fp, Re, Re, Gs, Re, Gs, Gs, Gs, Gs^Wm, Gs, Gs, Gll^Fp, Gll^Fp, Rb^Gvs, Gs, Gs, Wwg, Wwg, Gll^Fp, Gs^Fms, Gll^Fmw, Gll^Fp, Gll^Fp, Gll^Fp, Gll^Fp, Gll^Fp, Gll^Fp, Gll^Fp, Gll^Fp
Gll^Fp, Gll^Fp, Hh^Fp, Hh^Fp, Gll^Fp, Gll^Fp, Gll^Fp, Gll^Fp, Hh^Fp, Hh^Fp, Hh^Fp, Gll^Fp, Hh^Fp, Hh^Fp, Gll^Fp, Gll^Fp, Gs, Gs, Gs, Gs, Gs, Gll^Fp, Re, Re, Re, Gs, Re, Re, Gs, Gs, Gs, Gs, Gs, Gs^Fms, Gll^Fp, Gs, Wwg, Wwg, Gs^Fms, Gll^Fp, Gll^Fp, Gll^Fp, Gll^Fmw, Gll^Fp, Gll^Fp, Gll^Fp, Gll^Fp, Gll^Fp, Gll^Fp
Gll^Fp, Gll^Fp, Hh^Fp, Mm^Fp, Hh^Fp, Hh^Fp, Mm^Fp, Mm^Vl, Mm^Fp, Hh^Fp, Hh^Fp, Hh^Fp, Mm^Fp, Hh^Fp, Gll^Fp, Gs, Gs, Gs, Gs^Ebn, Rr^Vd, Re, Re, Gs, Gs, Gs, Re, Gs, Gs, Gs, Gs, Re, Gll^Fp, Gll^Fp, Gs, Gs, Gll^Fp, Wwg, Wwg, Gll^Fp, Gll^Fp, Gll^Fp, Gll^Fp, Gll^Fp, Gll^Fp, Gll^Fp, Gll^Fp, Gll^Fp, Gll^Fp, Gll^Fp
Gll^Fp, Gll^Fp, Hh^Fp, Hh^Fp, Hh^Fp, Hh^Fp, Mm^Fp, Mm^Fp, Mm^Fp, Hh^Fp, Hh^Fp, Hh^Fp, Hh^Fp, Hh^Fp, Hh^Fp, Gll^Fp, Gll^Fp, Gs, Gs, Gs, Gs, Gs, Gs, Gs, Gll^Fp, Re, Re, Gs, Re, Re, Rb^Gvs, Gs^Vl, Rb^Gvs, Gll^Fp, Gs^Fms, Gll^Fp, Wwg, Wwg, Gll^Fp, Gll^Fp, Gll^Fp, Gll^Fp, Gll^Fp, Gll^Fp, Gll^Fp, Gll^Fp, Gll^Fp, Gll^Fp, Gll^Fp
Gll^Fp, Gll^Fp, Gll^Fp, Hh^Fp, Hh^Fp, Hh^Fp, Hh^Fp, Mm^Fp, Hh^Fp, Hh^Fp, Hh^Fp, Hh^Fp, Hh^Fp, Hh^Fp, Hh^Fp, Hh^Fp, Hh^Fp, Gll^Fp, Gs^Fms, Gll^Fp, Gll^Fp, Gs, Gs, Gs, Gs, Gs, Gs, Re, Gs, Gs^Fms, Gll^Fp, Rb^Gvs, Gs, Gs, Gs, Gll^Fp, Wwg, Wwg, Gll^Fp, Gll^Fp, Gll^Fp, Gll^Fp, Gll^Fp, Gll^Fp, Gs, Gll^Fp, Gll^Fp, Gll^Fp, Gll^Fp
Gll^Fp, Gs, Gll^Fmw, Gll^Fp, Gll^Fp, Hh^Fp, Hh^Fp, Hh^Fp, Gll^Fp, Hh^Fp, Gs^Fms, Hh^Fp, Gll^Fp, Gll^Fp, Gll^Fp, Hh^Fp, Hh^Fp, Hh^Fp, Hh^Fp, Gll^Fp, Rb^Gvs, Gs, Gll^Fp, Gll^Fp, Gll^Fp, Gs, Gs, Re, Gs, Gs, Gs, Gll^Fp, Gll^Fp, Gs, Gll^Fp, Gs, Wwg, Wwg, Gll^Fp, Gll^Fp, Rb^Gvs, Rb^Gvs, Gll^Fp, Gll^Fmw, Gs, Rb^Gvs, Gs^Vl, Rb^Gvs, Gll^Fp
Gll^Fp, Gll^Fp, Gs^Fms, Gll^Fp, Gs, Gll^Fp, Gll^Eff, Gll^Eff, Gs^Eff, Gll^Fp, Gll^Fp, Gll^Fp, Gs^Efm, Gs^Efm, Gs^Efm, Gll^Fmw, Gll^Fp, Hh^Fp, Gll^Fp, Gll^Fp, Rb^Gvs, Rb^Gvs, Rb^Gvs, Gs, Gs, Gll^Fp, Gs, Re, Re, Rb^Gvs, Rb^Gvs, Gs, Gs, Gll^Fp, Gs, Wwg, Wwg, Gs, Gs, Gll^Fp, Re, Gs^Vl, Rb^Gvs, Gll^Fp, Gs, Rb^Gvs, Re, Rb^Gvs, Gs
Gll^Fp, Gll^Fp, Gll^Fp, Gs, Gs, Gs^Eff, Gs^Eff, Rb^Gvs, Rb^Gvs, Gs^Vl, Re, Gll^Fp, Gs, Gs^Efm, Gs^Efm, Gs^Efm, Gs^Efm, Gs^Efm, Gs^Efm, Gll^Fp, Gs^Vl, Rb^Gvs, Gs, Gs, Re, Gs, Re, Re, Gll^Fp, Rb^Gvs, Gll^Fp, Gs, Gs, Gs, Wwg, Wwg, Gs, Gs, Re, Re, Gs, Re, Re, Gs, Gs, Gs, Re, Gs, Gs
Gll^Fp, Gll^Fmw, Gs, Gs, Gs, Gs, Gll^Fp, Gs^Eff, Gs^Eff, Rb^Gvs, Gs^Eff, Re, Re, Gs, Gs, Gs^Efm, Gs^Efm, Gs^Efm, Gs, Gs, Re, Re, Re, Re, Gll^Fp, Re, Gs, Gs, Gll^Fp, Gs^Vl, Gll^Fp, Gll^Fp, Gs, Gs, Wwf, Wwg, Gs, Re, Gs, Gll^Fp, Gll^Fp, Gs, Gll^Fp, Re, Re, Gs, Re, Gs, Gs
Gll^Fp, Gll^Fp, Gs, Gs, Rb^Gvs, Gs, Gs^Fms, Gll^Fp, Gll^Fp, Gs^Eff, Gs, Gs, Gs, Re, Re, Gs, Gs, Gs, Re, Re, Gs, Gs, Re, Gll^Fp, Gs^Fms, Gll^Fp, Gll^Fp, Gll^Fp, Hh^Fp, Rb^Gvs, Gs, Gll^Fp, Gll^Fp, Gs, Wwf, Wwf, Gs, Re, Gll^Fp, Gs^Fms, Gll^Fp, Gll^Fp, Gll^Fp, Gll^Fp, Gll^Fp, Re, Rb^Gvs, Gs, Gs
Gll^Fp, Gll^Fp, Gs, Rb^Gvs, Gs^Vl, Gll^Fp, Gll^Fp, Gll^Fp, Gg, Gll^Fp, Gs, Gs, Re, Re, Gs, Re, Re, Re, Gs, Gs, Gll^Fp, Gs, Re, Re, Gg, Gll^Fp, Hh^Fp, Hh^Fp, Hh^Fp, Gll^Fp, Gs, Gs, Gll^Fp, Gll^Fp, Wwg, Wwf, Gs, Re, Gll^Fp, Gll^Fmw, Gg, Gll^Fp, Gll^Fmw, Gs^Fms, Gll^Fp, Gs^Vl, Rb^Gvs, Rb^Gvs, Gs
Gll^Fp, Gll^Fp, Gll^Fp, Rb^Gvs, Gs, Re, Re, Re, Re, Re, Re, Re, Gs, Gs, Gs, Rb^Gvs, Gs^Vl, Rb^Gvs, Gs, Gs, Gll^Fp, Gs^Fms, Gll^Fp, Re, Re, Gll^Fp, Gll^Fp, Hh^Fp, Hh^Fp, Gll^Fp, Gs, Gs, Gll^Fp, Gll^Fp, Wwg, Wwg, Gs, Re, Re, Gs^Fms, Re, Gll^Fp, Gs, Gll^Fp, Gs, Gll^Fp, Gll^Fp, Gs, Gs
Gll^Fp, Gll^Fp, Gs^Fms, Gll^Fp, Gll^Fp, Gs, Gs, Re^Vct, Ce, Re^Vct, Re, Gll^Fp, Gll^Fp, Gll^Fp, Gll^Fp, Rb^Gvs, Gll^Fp, Rb^Gvs, Gs, Gs, Gll^Fp, Gll^Fp, Gs, Re^Vct, Ce, Re^Vct, Re, Gll^Fp, Gll^Fp, Gll^Fp, Re, Re, Wwg^Bw\, Wwg, Wwg, Gs, Gs, Gs, Re, Re^Vct, Ce, Re^Vct, Re, Gs, Gs, Gs, Gll^Fp, Gs, Gs
Gll^Fp, Gll^Fp, Gs, Gll^Fp, Gll^Fp, Ce, Gs, Ce, 6 Ke, Ce, Re, Ce, Gll^Fp, Gs^Fms, Gs, Gll^Fp, Gs, Gll^Fmw, Gll^Fp, Gll^Fp, Gs, Ce, Gs, Ce, 5 Ke, Ce, Re, Ce, Re, Re, Gll^Fp, Re, Wwg, Wwg^Bw\, Re, Re, Re, Ce, Re, Ce, 4 Ke, Ce, Re, Ce, Gs, Gs, Gs, Gs, Gs
Gll^Fp, Gs, Gs, Gs, Gs^Es, Gs, Gs, Ce, Ce, Ce, Re, Gll^Fp, Gs, Gs, Gs^Fms, Gs, Gll^Fp, Gs, Gs, Gs, Gll^Fp, Gs, Gs, Ce, Ce, Ce, Gs, Re, Re, Re, Wwg, Wwg, Gs, Gs, Gs, Re, Re, Re, Re, Ce, Ce, Ce, Re, Gs, Gs, Gs, Gs, Gs, Gs
Gll^Fp, Gs, Gs, Gs, Gs, Gs, Gs, Re, Re, Re, Gs, Gs, Gs, Gll^Fp, Gll^Fp, Gll^Fp, Gll^Fp, Gll^Fp, Gs, Gll^Fp, Gll^Fp, Gll^Fp, Gs, Gs, Gs, Gs, Gs, Gs, Gs, Gs, Wwg, Wwrg, Gs, Gs, Gs, Gs, Gs, Gs, Re, Re, Re, Re, Re, Gs, Gs, Gs, Gs, Gs, Gs
Wwg, Wwg, Wwg, Gs, Gs, Ce, Gs, Re, Ce, Re, Gs, Ce, Wwg, Gs, Wwg, Gll^Fp, Wwg, Gs, Gs, Gs, Gs, Ce, Gs, Gs, Ce, Gs, Gs, Ce, Wwg, Wwg, Wwrg, Gs, Gs, Gd, Gd, Gs, Gs, Ce, Gs, Re, Ce, Re, Gs, Ce, Gs, Gs, Gs, Gs, Gs
Wwg, Wwg, Wwg, Wwg, Wwg, Wwg, Wwg, Wwf, Wwf, Wwf, Wwg, Wwrg, Wwg, Wwg, Wwg, Wwg, Wwg, Wwg, Wwg, Wwg, Wwg, Wwg, Wwg, Wwf, Wwf, Wwf, Wwg, Wwg, Wwg, Wwg, Gs, Gs, Gd, Gd, Gd, Gd, Gd, Gs, Gs, Gs, Re, Re, Gd, Gs, Gs, Gs, Gs, Gs^Fms, Gs^Fms
Gs, Wwg, Gs, Wwg, Wwg, Wwg, Wwg, Wwf, Wwf, Wwf, Gs, Wwg, Gs^Fms, Wwg, Gs, Gs, Gs, Gs, Gs, Wwg, Gs, Wwg, Gs, Wwf, Re, Wwf, Wwg, Wwg, Gs, Gs, Gs, Gs, Gd, Gd, Gd, Gd, Gd, Gd, Re, Re, Gd, Gd, Gd, Gd, Gs^Vl, Gs, Gs^Fms, Gs^Fms, Gs^Fms
Gs, Gs, Gs, Gs, Gs, Gs, Gs, Gs, Gs, Re, Re, Gs^Fms, Gs^Vl, Gs^Fms, Gs, Gs, Gs, Gs, Gd, Gd, Gd, Gs, Gd, Gs, Re, Gs, Wwg, Wwg, Gd, Gs, Gd, Gd, Gs, Gd, Gs, Gs, Gs, Gs, Re, Gd, Gd, Gd, Gd, Gd, Gs, Gs^Fms, Gs^Fms, Gs^Fms, Gs^Fms
Gs^Fms, Gs, Gd, Gd, Gs^Fms, Gs^Fms, Gs^Fms, Gs, Gs, Gs, Gs^Fms, Re, Gs, Gs^Fms, Gs, Gs^Fms, Gs, Gd, Gd, Gd, Gd, Gd, Gs, Re, Gs, Gs, Wwg, Gd, Gs, Gd, Gd, Gd, Gs, Gd, Gs^Fms, Gs^Fms, Gs^Fms, Gs^Vl, Re, Gd, Gs, Gd, Gs, Gd, Gd, Gs, Gs^Fms, Gs^Fms, Gll^Fp
Gs^Fms, Gs, Gs, Gd, Gs^Fms, Gs^Fms, Gs^Fms, Gs, Gs, Gs, Re, Re, Gs, Gs, Gd, Gs, Gs, Gs, Gs^Fms, Gd, Gd, Gd, Gd, Re, Wwf, Wwg, Gs, Gs, Gd, Gd, Gd, Gd, Gd, Gs, Gs, Gs, Gs, Gs^Fms, Gs, Re, Re, Gs, Gs^Fms, Gs, Hh, Hh, Hh, Hh, Hh
Gs, Gs, Gs^Fms, Gs, Gs, Gs, Gs, Gs^Fms, Gs, Re, Gs, Gs, Gd, Gd, Gd, Gd, Gs, Gs, Gs, Gs, Gd, Gd, Gs, Wwf, Gs^Fms, Re, Gs, Gs, Gs, Gd, Gd, Gd, Gd, Gd, Gs, Gs^Fms, Gs, Gs, Gs, Gs, Re, Gs, Gs^Fms, Gs^Fms, Gs^Fms, Hh, Hh, Hh, Hh^Fms
Gd, Gs, Gd, Gs, Gd, Gd, Gs, Gs, Gs, Re, Gs, Gs, Gs, Gd, Gd, Gd, Gd, Gd, Gs, Gs, Gs, Gs, Gs, Wwg, Wwg, Re, Gs, Gs, Gs, Gs, Gs, Gs, Gd, Gd, Gs, Gs, Gs, Gs, Gs, Gs, Re, Gs, Hh, Hh, Hh, Hh, Hh^Fms, Hh^Fms, Hh^Fms
Gs, Gd, Gd, Gd, Gd, Gs, Re^Vct, Gs, Gs, Re, Re, Gs, Gs, Gs, Gs, Gs, Gd, Gd, Gs, Gs^Fms, Gs^Fms, Gs, Gs, Gs, Wwg, Re, Gs, Gs, Gs^Fms, Gs^Fms, Gs, Gs, Gs, Gd, Gd, Gs, Gs, Gs, Gs, Gs, Re, Gs, Hh, Hh, Hh, Hh^Fms, Hh^Fms, Hh^Fms, Hh^Fms
Hh, Gd, Gd, Gd, Re^Vct, Gs, Re, Re, Re, Gs, Re, Re, Wwf, Re^Vct, Re, Gs, Re, Gd, Re, Gs^Fms, Gs^Fms, Gs^Fms, Gs, Gs^Fms, Wwg, Re, Gd, Gs, Gs, Gs^Fms, Gs, Gs^Fms, Gs, Gs, Gd, Gd, Gs, Gs, Gs, Re, Re, Gs, Gs, Hh, Gd, Hh^Fms, Hh, Hh^Fms, Hh^Fms
Hh, Hh, Gd, Gs, Gs, Re, Ce, Ce, Ce, Re, Wwf, Wwf, Ce, Wwf, Wwf, Re^Vct, Wwf, Re, Hh, Re, Re, Gs, Wwg, Wwg, Gs, Re, Re, Gd, Gd, Gs, Gd, Gs, Gd, Gs, Gd, Gs, Gs, Gs, Cer, Cer, Cer, Re, Gs, Gd, Gd, Hh, Gd, Hh, Gs^Fms
Hh, Gd, Hh, Gd, Re^Vct, Re, Ce, 2 Ke, Ce, Wwf, Re, Ce, 1 Ke, Ce, Re, Wwf, Wwf, Wwf, Wwg, Wwg, Wwg, Wwf, Re, Gs, Re, Re, Re, Gs, Gs, Gd, Gd, Gs, Gd, Gd, Gd, Gs, Gs, Gs, Cer, 3 Ke, Cer, Re, Gs, Gd, Gd, Gd, Gd, Hh, Gs^Fms
Hh^Fms, Hh, Hh^Fms, Gs, Gd, Re, Re, Ce, Wwf, Wwf, Re, Ce, Ce, Ce, Re, Re^Vct, Wwf, Wwg, Hh^Fms, Hh, Hh, Hh, Hh, Re, Gs, Hh, Re, Gd, Gd, Gd, Gd, Gd, Gd, Gd, Gd, Gd, Gs, Gs, Gs, Cer, Re, Re, Re, Gs, Re, Gs, Gd, Hh, Hh
Hh^Fms, Hh^Fms, Hh^Fms, Gs, Gs, Gs, Re, Wwf, Re, Re, Re, Re, Re, Re, Gs, Gs, Hh, Wwg, Hh^Fms, Hh^Fms, Hh^Fms, Hh, Hh, Hh, Hh, Gs, Gs, Re, Re, Gd, Gs, Gd, Gs, Gs, Gs, Gd, Gs, Gs, Gs, Gs, Gs, Re, Re, Re, Re, Re, Re, Gd, Re
Gs, Hh^Fms, Gs, Gs, Gd, Gs, Re, Wwf, Re, Re, Gd, Gs, Gd, Gs, Gs, Gs, Hh, Wwg, Gs, Hh^Fms, Gs, Hh^Fms, Hh, Hh, Hh, Hh, Hh, Hh, Re, Gs, Gs, Gs, Gd, Gd, Gd, Gd, Gd, Hh, Hh, Gd, Gd, Gs, Gd, Re, Gs, Re, Gs, Re, Gs
