Gs^Fms, Gg, Gs^Fms, Gg, Gs^Fms, Gg, Gs^Fms, Gg, Gs^Fms, Gg, Gs^Fms, Gg, Rb^Gvs, Rb^Gvs, Rb^Gvs, Gg, Rb^Gvs, Gg, Gs^Fms, Gs, Gs, Gs, Gs^Fms, Gg, Gs^Fms, Gs^Fms, Gs, Gs, Gs, Gll^Fp, Gll^Fp, Gll^Fp, Gll^Fp, Gll^Fp, Gll^Fp, Gll^Fp, Gll^Fp, Gll^Fp, Gll^Fp, Gll^Fp, Gll^Fp, Gll^Fp, Gll^Fp, Re, Gll^Fp, Gll^Fp, Gll^Fp, Gll^Fp, Gll^Fp, Gll^Fp, Gll^Fp, Gll^Fp, Wog, Wog, Wog, Gll^Fp
Gs^Fms, Gs^Fms, Gs, Gs^Fms, Gs^Fms, Gs^Fms, Gs^Fms, Gs^Fms, Gs^Fms, Gs^Fms, Gs^Fms, Gs^Dr, Rb^Gvs, Rb^Gvs, Rb^Gvs, Rb^Gvs, Rb^Gvs, Gs^Fms, Gs^Fms, Gs, Gs, Gs^Fms, Gs^Fms, Gs^Fms, Gs, Gs, Gs, Gs, Gll^Fp, Gll^Fp, Gll^Fp, Gll^Fp, Gll^Fp, Gll^Fp, Gll^Fp, Gll^Fp, Gll^Fp, Gll^Fp, Gll^Fp, Gll^Fp, Gll^Fp, Gll^Fp, Re, Re, Gll^Fp, Gll^Fp, Gll^Fp, Gll^Fp, Gll^Fp, Gll^Fp, Gll^Fp, Gll^Fp, Wog, Wog, Wog, Gll^Fp
Gs^Fms, Gs^Fms, Gs^Fms, Gs, Gs, Gs^Fms, Gs, Rb^Gvs, Rb^Gvs, Rb^Gvs, Rb^Gvs, Gs^Fms, Gs, Rb^Gvs, Rb^Gvs, Mm, Gs^Fms, Gs^Fms, Gs^Fms, Gs^Fms, Gs^Fms, Gs, Gll^Fp, Gs, Gll^Fp, Gll^Fp, Gll^Fp, Gll^Fp, Gll^Fp, Gll^Fp, Gll^Fp, Gll^Fp, Gll^Fp, Gll^Fp, Mm^Fet, Gll^Fp, Gs^Fms, Gll^Fp, Gll^Fp, Gll^Fp, Gll^Fp, Gll^Fp, Re, Gll^Fp, Gll^Fp, Gll^Fp, Gs^Fms, Gs^Fms, Gll^Fp, Gll^Fp, Gll^Fp, Wog, Wog, Wog, Gll^Fp, Gll^Fp
Gs^Fms, Gs^Fms, Gs^Fms, Gs^Fms, Gs, Gs, Gs, Rb^Gvs, Rb^Edt, Rb^Gvs, Rb^Edt, Rb^Gvs, Gs, Gs, Gs, Gs^Fms, Gs, Gs^Fms, Rb^Gvs, Rb^Gvs, Rb^Gvs, Gll^Fp, Gs^Fms, Gll^Fp, Gll^Fp, Gs^Fms, Gs^Fms, Gs^Fms, Gs^Fms, Gll^Fp, Gs^Fms, Gll^Fp, Hh^Fms, Mm^Fms, Mm^Fms, Mm^Fms, Hh^Fp, Gll^Fp, Gll^Fp, Gll^Fp, Re, Re, Gll^Fp, Gll^Fp, Gll^Fp, Gs^Fms, Gll^Fp, Gg^Fet, Gll^Fp, Gll^Fp, Wog, Wog, Wog, Gll^Fp, Gll^Fp, Gll^Fp
Gs^Fms, Gs^Fms, Rb^Gvs, Rb^Gvs, Rb^Gvs, Rb^Edt, Re, Gs^Dr, Re, Rb^Edt, Rb^Edt, Gs, Re, Re, Re, Gs, Gs, Rb^Gvs, Rb^Gvs, Rb^Gvs, Rb^Gvs, Gs^Fms, Gs^Wm, Gll^Fp, Gll^Fp, Gll^Fp, Gll^Fp, Gll^Fp, Gll^Fp, Gll^Fp, Gll^Fp, Gll^Fp, Gll^Fp, Hh^Fp, Hh^Fp, Hh^Fms, Gll^Fp, Gll^Fp, Gll^Fp, Gll^Fp, Re, Gll^Fp, Ce, Ce, Gll^Fp, Gs^Fms, Gll^Fp, Gll^Fp, Wog, Wog, Wog, Wog, Gll^Fp, Gll^Fp, Gll^Fp, Gll^Fp
Gs^Fms, Gs^Fms, Rb^Gvs, Rb^Gvs, Rb^Edt, Rb^Edt, Rb^Edt, Re, Gs^Edt, Gs^Edt, Re^Edb, Re, Ce, Ce, Ce, Re, Gs^Fms, Rb^Gvs, Rb^Gvs, Gs^Vl, Rb^Gvs, Rb^Gvs, Re, Re, Re, Re, Re, Gll^Fp, Gs^Efm, Gll^Fp, Gs^Efm, Gll^Fp, Gll^Fp, Gll^Fp, Gll^Fp, Gll^Fp, Gll^Fp, Gll^Fp, Re, Re, Gll^Fp, Re, Ce, Ke, Gll^Fp, Gll^Fp, Wog, Wog, Wog, Wog, Gll^Fp, Gll^Fp, Gll^Fp, Gll^Fp, Gll^Fp, Gll^Fp
Gs^Fms, Gs^Fms, Gs^Fms, Gs^Dr, Re, Rb^Edt, Re^Ecf, Re, Gs^Edt, Re^Edb, Re, Re, Ce, 2 Ke, Ce, Re^Vct, Gs^Fms, Gs^Fms, Gs^Fms, Rb^Gvs, Re, Re, Rb^Gvs, Rb^Gvs, Rb^Gvs, Rb^Gvs, Rb^Gvs, Re, Re, Gs^Efm, Gs^Fms, Gs^Efm, Gs^Efm, Gll^Fp, Gs^Efm, Gll^Fp, Gs^Efm, Gll^Fp, Re, Gll^Fp, Gll^Fp, Gll^Fp, Gll^Fp, Gll^Fp, Wog, Wog, Wog, Wog, Gll^Fp, Gll^Fp, Gll^Fp, Gll^Fp, Gs^Fms, Gs^Fms, Gll^Fp, Gll^Fp
Gs^Fms, Gs^Fms, Gs^Fms, Gs, Gs^Fms, Re, Rb^Edt, Re, Gs^Edt, Gs^Edt, Re, Re, Re^Vct, Ce, Re^Vct, Re, Rb^Gvs, Rb^Gvs, Rb^Gvs, Gs, Re, Rb^Gvs, Rb^Gvs, Rb^Gvs, Gs^Vl, Rb^Gvs, Rb^Gvs, Rb^Gvs, Gs^Fms, Re, Re, Gs^Fms, Re, Re, Re, Re, Re, Re, Re, Gll^Fp, Gll^Fp, Gll^Fp, Gll^Fp, Wog, Wog, Wog, Gll^Fp, Gll^Fp, Gll^Fp, Gll^Fp, Gll^Fp, Gll^Fp, Gs^Fms, Gll^Fp, Gll^Fp, Gll^Fp
Gg, Gs^Fms, Gs^Fms, Gs^Fms, Rb^Gvs, Rb^Edt, Rb^Edt, Re, Re, Re, Rb^Edt, Re, Gs, Re, Re, Rb^Edt, Rb^Gvs, Rb^Gvs, Rb^Gvs, Rb^Gvs, Re, Gs^Fms, Gs^Fms, Gs^Fms, Gs^Efm, Gs^Fms, Gs^Efm, Gs^Fms, Gs^Efm, Gs^Vl, Gs, Re, Gs, Gs, Gs, Gs^Vl, Gs, Gs, Gs, Re, Re, Gs^Efm, Wog, Wog, Wog, Wog, Gll^Fp, Gll^Fp, Gll^Fp, Gll^Fp, Gs^Fms, Gs^Fms, Hh^Fet, Gll^Fp, Gll^Fp, Gll^Fp
Gs^Fms, Gs^Fms, Gs^Fms, Gs^Fms, Gs^Fms, Rb^Gvs, Gs^Dr, Rb^Edt, Re, Re, Rb^Edt, Rb^Ecf, Rb^Gvs, Gs^Fms, Re, Rb^Edt, Rb^Gvs, Gs^Vl, Re, Re, Gs, Gs^Efm, Gs^Efm, Gs^Efm, Gs^Efm, Gs^Efm, Wog, Gs^Efm, Wog, Gs, Wog, Wog^Bw|, Wog, Wog, Wog, Gs, Wog, Gs, Gs, Gs^Vl, Gs, Re, Wog, Wog, Wog, Gll^Fp, Gll^Fp, Gll^Fp, Gll^Fp, Gs^Fms, Gll^Fp, Hh^Fp, Hh^Fp, Hh^Fms, Gll^Fp, Gll^Fp
Gs, Gs^Fms, Gs, Gs^Fms, Gs^Fms, Rb^Gvs, Gs, Gs^Fms, Gs^Fms, Gs^Fms, Rb^Gvs, Rb^Edt, Rb^Gvs, Rb^Gvs, Gs^Fms, Re, Re, Re, Gs^Efm, Gs, Gs, Gs, Wog, Wog, Wog, Wog, Wog, Wog, Wog, Wog, Ket, Wog^Bw|, Ket, Wog, Wog, Wog, Wog, Wog, Wog, Gs, Gs, Gs, Wog, Wog, Wog, Gll^Fp, Gll^Fp, Gll^Fp, Gs^Fms, Gs^Fms, Gll^Fp, Gll^Fp, Gll^Fp, Gll^Fp, Gs^Fms, Gll^Fp
Gs^Fds, Gs, Gs, Gs^Fms, Gs^Efm, Gs^Efm, Gs^Efm, Gs^Fms, Gs, Gs, Gs, Rb^Gvs, Gs^Dr, Rb^Gvs, Re, Re, Gs^Efm, Gs^Fms, Gs^Efm, Gs, Wog, Wog, Wog, Wog, Ce, Wog, Ce, Ket, Ce, Ket, Ket, Ce^Bw|, Ket, Ket, Ce, Ce, Ket, Wog, Wog, Wog, Wog, Gs, Wog, Wog, Wog, Re, Re, Gll^Fp, Gs^Vl, Gll^Fp, Re, Re, Re, Gll^Fp, Re, Re
Gs^Fds, Gs^Fds, Gs^Fms, Gs, Gs^Efm, Gs^Efm, Gs, Gs, Gs, Gs^Efm, Gs^Efm, Gs, Gs, Re, Gs^Fms, Gs^Fms, Gs^Efm, Gs^Efm, Wog, Wog, Wog, Wog, Ce, Ket, Re, Ket, Re, Re, Re, Re, Rd, Ket, Rd, Re, Re, Re^Vl, Re, Ce, Ket, Wog, Wog, Wog, Wog, Wog, Wog, Gll^Fp, Gs^Fms, Re, Re, Re, Ce, Ke, Ce, Re, Gll^Fp, Gll^Fp
Gs^Fds, Gs^Fds, Gs^Fms, Gs^Fms, Gs, Gs^Efm, Gs, Gs^Fms, Gs, Gs^Efm, Rb^Gvs, Rb^Gvs, Gs^Vl, Re, Gs^Fms, Gs^Fms, Gs^Efm, Gs, Wog, Wog, Ce, Ket, Re^Fms, Re, Re^Vl, Re, Rd, Re^Vl, Rd, Rd, Hh, Rd, Re, Rd, Rd, Re^Vl, Rd, Re^Vl, Re, Ce, Ket, Wog^Bw/, Wog, Wog, Wog, Gs^Fms, Gs^Fms, Gll^Fp, Gll^Fp, Gll^Fp, Gll^Fp, Ce, Gll^Fp, Gll^Fp, Gll^Fp, Gll^Fp
Gs^Fds, Gs^Fds, Gs^Fms, Gs, Gs, Gs^Efm, Gs, Gs, Gs, Gs^Efm, Gs^Fms, Rb^Gvs, Gs, Re, Gs^Efm, Gs^Efm, Gs, Wog, Wog, Wog, Ce, Re, Re, Re, Rd, Rd, Re, Rd, Hh, Hh, Ket, Hh, Hh, Re, Re, Rd, Re^Vl, Rd, Rd, Re^Vl, Ket, Wog^Bw/, Wog^Bw/, Wog, Wog, Gs^Fms, Gs, Gs^Fms, Gs^Fms, Gs^Fms, Gs^Fms, Re, Re, Gll^Fp, Gs^Fms, Gll^Fp
Gs^Fds, Gs^Fms, Gs^Fms, Gs^Fms, Gs^Fms, Gs^Fms, Gs^Fms, Gs^Fms, Gs^Fms, Gs^Efm, Gs^Efm, Gs^Efm, Gs, Re, Gs, Gs, Wog, Wog, Ce, Ket, Re^Fms, Re, Re^Vl, Rd, Re, Re, Hh, Hh, Ce, Ce, Rd, Ce, Ce, Hh, Hh, Re, Re^Fms, Re, Re, Rd, Re, Ket, Wog, Wog, Wog, Gs, Gs, Gs^Fms, Gs^Fms, Gs^Fms, Gs^Fms, Gs^Fms, Gs^Fms, Re, Gs^Fms, Gll^Fp
Gs^Fds, Gs^Fds, Gs^Fms, Gs^Fms, Gs^Fms, Gs^Fms, Gs^Fms, Gs^Fms, Gs^Fms, Gs^Efm, Gs, Gs, Gs, Re, Gs, Gs, Wog, Wog, Ket, Re^Fms, Re^Fms, Re, Re, Rd, Re, Re^Fms, Hh, Ket, Rd, Rd, Ket, Rd, Rd, Ket, Hh, Re, Re^Fms, Re^Fms, Re^Vl, Rd, Re^Vl, Ce, Wog, Wog, Wog, Gs, Gs, Gs, Gs^Fms, Gs^Fms, Gs^Fms, Gs^Fms, Re, Re, Gs^Fms, Gs
Gs^Fds, Gs^Fds, Mm^Fds, Mm^Fds, Mm^Fds, Gs^Fms, Gs^Fms, Gs^Fms, Gs^Fms, Gs^Fms, Gs^Efm, Gs, Re, Re, Gs^Eff, Gs, Wog, Wog, Ce, Re, Re^Vl, Re, Rd, Rd, Re, Re, Hh, Ce, Rd, Ket, 3 Ket, Ket, Rd, Ce, Rd, Re, Re, Re, Re, Rd, Re, Ket, Wog, Wog, Wog, Gs, Gs, Gs^Fms, Rb^Gvs, Gs^Fms, Re, Re, Gs, Gs, Gs, Gs
Gs^Fds, Hh^Fds, Hh^Fds, Mm^Fds, Hh^Fds, Hh^Fds, Gs^Fds, Gs^Fds, Gs^Fds, Gs^Fms, Gs^Fms, Gs, Re, Gs^Vl, Gs^Eff, Gs^Eff, Wog, Wog, Ket, Re, Re, Rd, Re, Re^Vl, Re, Re, Hh, Ce, Rd, Ket, Ket, Ket, Rd, Ce, Hh, Rd, Rd, Re, Re^Vl, Rd, Re^Vl, Ce, Wog, Wog, Wog, Gs, Rb^Gvs, Rb^Gvs, Rb^Gvs, Rb^Gvs, Re, Gs^Fms, Gs^Fms, Gs, Gs, Gs
Gs^Fds, Gs^Fds, Gs^Fds, Hh^Fds, Gg^Fet, Gs^Fds, Gs^Fds, Rb^Gvs, Rb^Gvs, Gs, Gs, Gs, Re, Gs, Gs, Gs, Wog, Wog, Ket, Ket, Ket, Rd, Rd, Re^Fms, Re^Fms, Re, Hh, Ket, Ce, Rd, Rd, Rd, Ce, Ket, Hh, Re, Re, Rd, Rd, Rd, Ket, Ket, Wog, Wog, Wog, Gs, Rb^Gvs, Rb^Gvs, Rb^Gvs, Rb^Gvs, Re, Gs^Fms, Gs^Fms, Gs^Fms, Gs, Gs
Gs^Fds, Gs^Fds, Gs^Fds, Gs^Fds, Gs^Fds, Gs^Fds, Gs^Fds, Rb^Gvs, Rb^Gvs, Rb^Gvs, Rb^Gvs, Gs, Re, Gs, Gs, Gs, Gs, Wog, Wog^Bw/, Ce^Bw/, Ket, Re^Vl, Rd, Re, Re^Fms, Re, Re, Hh, Hh, Ce, Ket, Ce, Hh, Hh, Re^Fms, Re, Re, Rd, Rd, Ket, Ce^Bw\, Ket, Wog, Wog, Wog, Gs, Gs^Vl, Rb^Gvs, Re, Re, Rb^Gvs, Rb^Gvs, Rb^Gvs, Gs, Gs^Fms, Gs
Wwg, Gs^Fds, Wwg, Gs^Fds, Wwg, Gs^Fds, Gs^Fds, Gs^Fds, Gs^Fds, Rb^Gvs, Gs^Fms, Gs^Dr, Re, Re, Re, Gs^Vl, Re, Wog^Bw/, Wog, Ket, Ket, Re, Rd, Re^Vl, Re, Re, Re^Fms, Re, Re, Hh, Hh, Hh, Re, Re, Re, Re, Re^Vl, Rd, Re, Ket, Ket, Wog^Bw\, Wog^Bw\, Wog, Gs^Fms, Gs^Fms, Gs^Fms, Re, Re, Rb^Gvs, Rb^Gvs, Rb^Gvs, Rb^Gvs, Gs^Fms, Gs^Fms, Gs
Gs^Fds, Wwg, Gs^Fds, Wwg, Wwg, Wwg, Wwg, Gs^Fds, Gs^Fds, Gs^Fds, Gs^Fds, Gg, Re, Rb^Gvs, Rb^Gvs, Re, Re, Gs, Wog, Wog, Ce, Re^Vl, Re, Rd, Rd, Rd, Re^Vl, Re^Fms, Rd, Rd, Rd, Rd, Rd, Rd, Rd, Rd, Re, Re, Ce, Ket, Wog, Wog, Wog, Wog^Bw\, Re, Gs, Gs, Gs, Re, Gs^Vl, Gs, Rb^Gvs, Gs^Fms, Gs^Fms, Gs^Fms, Gs^Fms
Gs^Fds, Gs^Fds, Gs^Fds, Gs^Fds, Gs^Fds, Gs^Fds, Gs^Fds, Wwg, Wwg, Gs^Fds, Gs, Gg, Re, Rb^Gvs, Rb^Gvs, Gs^Dr, Re, Gs, Wog, Wog, Wog, Ce, Ket, Re^Vl, Ce, Rd, Rd, Rd, Re, Re, Re, Re, Re, Re^Vl, Re, Re^Vl, Ket, Ce, Wog, Wog, Wog, Wog, Wog, Gg, Gs^Vl, Re, Re, Gs, Re, Gs, Gs, Gs, Rb^Gvs, Rb^Gvs, Rb^Gvs, Gs
Gs^Fds, Gs^Fds, Gs^Fds, Gs^Fds, Gs^Fds, Gs^Fds, Gs^Fds, Wwg, Wwg, Gs^Fds, Re, Re, Gs^Fds, Rb^Gvs, Rb^Gvs, Gs^Fms, Re, Gs, Gs, Wog, Wog, Wog, Wog, Ce, Wog, Ket, Ket, Ket, Ce, Ce, Ket, Ce, Ce, Ket, Ce, Ce, Wog, Wog, Wog, Wog, Wog, Wog, Gs^Fms, Gs^Fms, Gs, Gs, Re, Re, Gs, Re, Re, Rb^Gvs, Rb^Gvs, Rb^Gvs, Rb^Gvs, Gs
Gs^Fds, Gs^Fds, Gs^Fds, Gs^Fds, Gs^Eff, Gs^Eff, Gs^Eff, Gs, Re, Wwf, Wwg, Gs^Fds, Gs^Fds, Gs^Fds, Gs^Fds, Gs^Fms, Gs^Fms, Re, Re, Gs, Gs, Wog, Wog, Wog, Wog, Wog^Bw|, Wog^Bw|, Wog^Bw|, Wog, Wog, Wog, Wog, Wog, Wog, Wog, Wog, Wog, Wog, Wwg, Wwg, Wwg, Wwg, Gs^Fms, Gs^Fms, Re, Re, Rb^Gvs, Rb^Gvs, Rb^Gvs, Gs, Gs, Gs^Vl, Rb^Gvs, Rb^Gvs, Rb^Gvs, Gs
Gs^Fds, Gs^Fds, Gs^Fds, Gs^Fds, Gs, Gs^Vl, Re, Gs, Re, Gs, Gs, Wwg, Wwg, Wog, Wog, Gs^Fds, Gs^Fds, Gs^Fms, Gs, Re, Wwg, Gs, Wwg, Wog, Wog, Wog, Wog, Wog, Wog, Wog, Wog, Wog, Wog, Wog, Wwg, Wog, Wwg, Wwg, Gs^Fms, Gs^Fms, Wwg, Gs^Fms, Gs^Fms, Gs, Re, Rb^Gvs, Rb^Gvs, Rb^Gvs, Gs^Fms, Gs^Fms, Gs^Fms, Gs, Gs, Gs^Fms, Gs^Fms, Gs
Gs^Fds, Gs^Fds, Gs^Fds, Gs^Fds, Gs, Gs, Gs^Vl, Re, Gs, Gs^Vl, Gs, Gs^Fds, Gs^Fds, Wwg, Wog, Wog, Wog, Wwg, Wwg, Wwg^Bw|, Wwg, Wwg, Wwg, Wwg, Gs, Wwg, Gs, Wwg, Gs, Wwg, Gs, Wwg, Gs, Wwg, Gs, Gs, Gs, Gs, Gs, Wwg, Gs^Fms, Gs^Fms, Gs, Re, Rb^Gvs, Gs^Vl, Rb^Gvs, Rb^Gvs, Gs^Fms, Gs^Fms, Rb^Gvs, Rb^Gvs, Rb^Gvs, Gs^Fms, Gs^Fms, Gs^Fms
Gs^Fds, Gs^Fds, Gs^Fds, Gs^Fds, Gs^Fds, Gs, Gs, Re, Gs, Gs, Gs^Fds, Gs^Fds, Wwg, Wog, Wwg, Wog, Wwg, Wwg, Gs, Wwg^Bw|, Re, Wwg, Gs, Gs, Re, Gs, Gs, Gs, Gs, Gs, Gs, Gs, Gs, Gs, Gs, Gs, Gs, Gs, Gs, Wwg, Gs, Gs^Fms, Gs, Re, Re, Rb^Gvs, Re, Gs, Gs, Rb^Gvs, Rb^Gvs, Rb^Gvs, Rb^Gvs, Rb^Gvs, Gs, Gs
Wwg, Gs^Fds, Wwg, Wwg, Wwg, Wwf, Wwf, Wwf, Wwg, Wwg, Wwg, Wwg, Wog, Wog, Gs, Wwg, Gs, Gs, Gs, Re, Gs, Re, Re, Re, Gs^Fms, Re, Re, Re, Re, Re, Re, Gs, Gs, Gs^Fms, Gs, Gs, Gs, Gs^Fms, Gs, Wwg, Gs^Fms, Gs, Gs, Gs, Re, Re, Rb^Gvs, Re, Re, Gs^Vl, Gs, Rb^Edt, Rb^Edt, Rb^Gvs, Gs^Fms, Gs
Wwg, Wwg, Wwg, Wwg, Wwg, Wwf, Wwf, Wwf, Wog, Wwg, Wog, Wog, Gs, Gs, Gs^Fms, Gs, Gs, Gs, Gs, Gs, Gs^Fms, Gs^Fms, Gs^Fms, Gs^Fms, Gs^Fms, Gs^Fms, Gs^Fms, Gs^Fms, Rb^Gvs, Rb^Gvs, Gs^Vl, Re, Re, Gs^Wm, Re, Re, Re, Gs, Gs^Fms, Wwf, Wwf, Gs, Gs, Gs, Re, Gs, Rb^Gvs, Rb^Gvs, Rb^Gvs, Re, Re, Gs, Gs^Fms, Gs^Fms, Gs^Fms, Gs
Wwg, Wwg, Gs^Fds, Gs^Fds, Gs^Fds, Gs^Fds, Gs^Efm, Gs, Gs^Fds, Gs^Fds, Gs^Efm, Gs, Gs^Fds, Gs^Fds, Gs^Fds, Gs^Fds, Gs, Gs, Gs, Gs, Gs^Fms, Gs^Fms, Gs^Fds, Gs^Fms, Gs^Fds, Gs^Fms, Gs^Fms, Gs, Rb^Gvs, Rb^Gvs, Rb^Gvs, Rb^Gvs, Re, Re, Rb^Gvs, Re^Vct, Ce, Re^Vct, Re, Gs, Wwf, Gs, Gs^Fms, Re, Gs, Gs, Gs, Rb^Edt, Rb^Edt, Rb^Edt, Gs^Fms, Re, Gs, Gs^Fms, Gs^Fms, Gs^Fms
Gs^Fds, Gs^Fds, Gs^Fms, Gs^Fds, Gs^Fds, Gs^Fds, Gs^Efm, Gs, Gs^Efm, Gs^Efm, Gs^Fds, Gs^Efm, Gs^Efm, Gs^Fds, Gs, Gs^Fds, Gs, Gs, Gs, Gs^Fds, Gs^Efm, Gs^Fds, Gs^Fds, Gs^Fds, Gs^Fms, Gs^Fms, Gs^Fms, Gs, Gs, Rb^Gvs, Rb^Gvs, Rb^Gvs, Re, Rb^Gvs, Re^Vct, Ce, 1 Ke, Ce, Re^Ecf, Gs, Gs, Wwg, Gs^Fms, Re, Gs, Gs, Gs, Re^Edt, Re^Edt, Gs^Fms, Re, Re, Gs^Dr, Rb^Gvs, Gs, Gs
Gs^Fds, Gs^Fds, Gs^Fms, Gs^Fms, Gs^Fds, Gs^Fds, Gs^Fds, Gs^Efm, Gs^Fds, Gs^Efm, Gs^Fds, Gs^Fds, Gs^Fds, Gs^Efm, Gs^Efm, Gs^Efm, Gs^Fds, Gs^Fds, Gs^Fds, Gs^Efm, Gs^Fds, Gs^Efm, Gs^Fms, Gs^Fms, Gs^Fms, Gs^Fms, Rb^Gvs, Rb^Gvs, Gs^Vl, Re, Re, Re, Re, Gs^Fms, Gs^Fms, Ce, Ce, Ce, Re, Re, Gs, Wwg, Gs, Re, Re, Re, Re^Edt, Re^Edt, Rb^Gvs, Re, Re, Rb^Edt, Rb^Gvs, Rb^Gvs, Rb^Gvs, Gs
Gs^Fds, Gs^Fds, Gs^Fds, Gg^Fet, Gs^Fms, Gs^Fds, Gs^Fds, Gs^Fds, Gs^Fds, Gs^Fds, Gs^Fms, Gs^Fds, Gs^Fms, Gs^Fds, Gs^Fds, Gs^Efm, Gs^Fds, Gs^Fds, Gs^Fds, Gs^Fds, Gs^Fms, Gs^Efm, Gs^Efm, Gs^Efm, Gs, Rb^Gvs, Rb^Gvs, Rb^Gvs, Rb^Gvs, Gs^Fms, Rb^Gvs, Rb^Gvs, Gs^Vl, Re, Gs^Fms, Gs^Fms, Gs, Re^Ecf, Gs, Re, Wwg^Bw\, Wwg, Re, Re, Re, Re, Re, Rb^Gvs, Rb^Edt, Rb^Gvs, Rb^Gvs, Re, Gs^Wm, Rb^Gvs, Gs^Fms, Gs
Gs^Fds, Gs^Fds, Gs^Fms, Gs^Fds, Gs^Fms, Gs^Fds, Gs^Fms, Gs^Fds, Hh^Fds, Hh^Fms, Hh^Fds, Gs^Fms, Hh^Fms, Gs^Fms, Hh^Fds, Gs^Fds, Gs^Fms, Gs^Fds, Gs^Fms, Gs^Fds, Gs^Fds, Gs^Fms, Gs^Fms, Gs^Efm, Gs, Rb^Gvs, Rb^Gvs, Rb^Gvs, Gs^Fms, Gs^Fms, Rb^Gvs, Rb^Gvs, Rb^Edt, Rb^Edt, Gs^Fms, Gs^Fms, Gs, Gs, Gs, Wwg, Wwg, Re, Rb^Gvs, Rb^Gvs, Rb^Gvs, Rb^Gvs, Re, Rb^Edt, Rb^Edt, Gs^Dr, Rb^Edt, Rb^Gvs, Gs^Fms, Gs^Fms, Gs^Fms, Gg
Gs^Fds, Gs^Fms, Gs^Fms, Gs^Fms, Gs^Fds, Gs^Fms, Hh^Fms, Hh^Fds, Mm^Fds, Mm^Fds, Mm^Fds, Hh^Fms, Hh^Fds, Hh^Fds, Mm^Fms, Hh^Fms, Hh^Fms, Gg^Fet, Gs^Fds, Gs^Fds, Gs^Fms, Gs^Fms, Gs^Fms, Gs^Efm, Gs^Efm, Gs, Gs^Efm, Gs^Efm, Gs^Efm, Gs^Fms, Gs^Fms, Rb^Gvs, Rb^Gvs, Rb^Edt, Gs, Gs^Fms, Gs, Gs, Wwg, Wwg, Gs^Fms, Gs^Fms, Rb^Gvs, Gs^Dr, Rb^Edt, Rb^Gvs, Re, Re, Re, Re, Re, Rb^Gvs, Gs^Fms, Gs^Fms, Gs^Fms, Gs^Fms
Gs^Fds, Gs^Fms, Gs^Fds, Gs^Fds, Gs^Fms, Gs^Fms, Gs^Fms, Hh^Fms, Hh^Fds, Mm^Fds, Hh^Fms, Hh^Fms, Hh^Fms, Mm^Fms, Mm^Fms, Mm^Fp, Hh^Fms, Hh^Fms, Gs^Fms, Gs^Fds, Gs^Fms, Gs^Fms, Gs^Efm, Gs^Fms, Gs^Efm, Gs, Gs^Efm, Gs^Fms, Gs^Efm, Gs, Gs, Gs, Gs, Gs, Gs, Gs, Gs, Gs, Wwg, Gs^Fms, Gs^Fms, Gs^Fms, Rb^Gvs, Rb^Edt, Rb^Edt, Rb^Edt, Re, Re, Rb^Gvs, Rb^Gvs, Rb^Edt, Re, Re, Gs^Fms, Gs^Fms, Gs^Fms
Gs^Fds, Gs^Fds, Gs^Fds, Gs^Fms, Gs^Fds, Gs^Fds, Gs^Fds, Gs^Fds, Gs^Fds, Hh^Fds, Gs^Fds, Gs^Fds, Gs^Fms, Hh^Fms, Hh^Fms, Hh^Fms, Gs^Fms, Gs^Fms, Gs^Fms, Gs^Fms, Gs, Gs, Gs^Efm, Gs^Efm, Gs^Efm, Gs, Gs, Gs^Efm, Gs, Gs, Gs, Gs, Gs, Gs, Gs, Gs, Wwg, Wwg, Gs^Fms, Gs^Fms, Gs^Fms, Gs^Fms, Gs^Fms, Gs^Fms, Gs^Fms, Gs^Fms, Re, Rb^Gvs, Gs^Dr, Rb^Edt, Rb^Edt, Rb^Edt, Re, Gs^Fms, Gs^Fms, Gs^Fms
Gs^Fds, Gs^Fds, Gs^Fms, Gs^Fds, Gs^Fms, Gs^Fds, Gs^Fms, Gs^Fds, Gs^Fms, Gs^Fds, Gs^Fms, Gs^Fms, Gs^Fms, Gs^Fms, Gs^Fms, Gs^Fms, Gs^Fms, Gs, Gs, Gs, Gs, Gs, Gs^Efm, Gs^Fms, Gs^Efm, Gs, Gs, Gs, Gs, Gs, Gs, Gs^Fms, Gs, Gs, Wwg, Wwg, Gs^Fms, Gs^Fms, Gs^Fms, Gs^Fms, Gs^Fms, Gs^Fms, Gs^Fms, Gs^Fms, Gs^Fms, Gs^Fms, Re, Rb^Gvs, Rb^Gvs, Rb^Gvs, Rb^Gvs, Rb^Gvs, Re, Gs^Fms, Gs^Fms, Gs^Fms
Gs^Fms, Gs^Fms, Gg, Gs^Fms, Gg, Gs^Fms, Gg, Gs^Fms, Gg, Gs^Fms, Gg, Gs^Fms, Gg, Gs^Fms, Gg, Gs^Fms, Gg, Gs^Fms, Gg, Gs, Gg, Gs, Gg, Gs^Fms, Gs, Gs, Gg, Gs, Gg, Gs, Gg, Gg, Wog, Wwg, Gg, Gg, Gg, Gs^Fms, Gg, Gg, Gg, Gs^Fms, Gg, Gs^Fms, Gg, Gg, Re, Re, Gg, Rb^Gvs, Gg, Gg, Gg, Gg, Gg, Gg
