Gs^Fms, Gs^Fms, Wog, Gs^Fms, Gs^Fms, Gs^Fms, Gs^Fms, Gs^Fms, Gs^Fms, Gs^Fms, Gs^Fms, Gs^Fms, Gs^Fms, Gs^Fms, Gs^Fms, Gs^Fms, Gs^Fms, Gs^Fms, Wwg, Gs^Fms, Gs^Fms, Gs^Fms, Gs^Fms, Gs^Fms, Gs^Fms, Gs^Fms, Gs^Fms, Gs^Fms, Gs^Fms, Gs^Fms, Gs^Fms, Gs^Fms, Gs^Fms, Gs^Fms, Gs^Fms, Gs^Fms, Gs^Fms, Gs^Fms, Gs^Fms, Gs^Fms, Gs^Fms, Wog, Gs, Wwg, Wwg, Gs^Fms, Gs^Fms, Gs^Fms, Gs^Fms, Gs^Fms, Gs^Fms, Gs^Fms, Gs^Fms, Gs^Fms, Gs^Fms, Gs^Fms, Gs^Fms, Gs^Fms, Gs^Fms, Gs^Fms, Gs^Fms, Gs^Fms, Gs^Fms, Gs^Fms, Gs^Fms, Gs^Fms, Gs^Fms, Gs^Fms, Gs^Fms, Gs^Fms, Gs^Fms, Gs^Fms, Gs^Fms, Gs^Fms, Gs^Fms
Gs^Fms, Gs^Fms, Wog, Gs^Fms, Gs^Fms, Gs^Fms, Gs^Fms, Gs^Fms, Gs^Fms, Gs^Fms, Gs^Fms, Gs^Fms, Gs^Fms, Gs^Fms, Gs^Fms, Gs^Fms, Gs^Fms, Gs^Fms, Wwg, Gs^Fms, Gs^Fms, Gs^Fms, Gs^Fms, Gs^Fms, Gs^Fms, Gs^Fms, Gs^Fms, Gs^Fms, Gs^Fms, Gs^Fms, Gs^Fms, Gs^Fms, Gs^Fms, Gs^Fms, Gs^Fms, Gs^Fms, Gs^Fms, Gs^Fms, Gs^Fms, Gs^Fms, Gs^Fms, Gs^Fms, Gs^Fms, Wwg, Wwg, Gs^Fms, Gs^Fms, Gs^Fms, Gs^Fms, Gs^Fms, Gs^Fms, Gs^Fms, Gs^Fms, Gs^Fms, Gs^Fms, Gs^Fms, Gs^Fms, Gs^Fms, Gs^Fms, Gs^Fms, Gs^Fms, Gs^Fms, Gs^Fms, Gs^Fms, Gs^Fms, Gs^Fms, Gs^Fms, Gs^Fms, Gs^Fms, Gs^Fms, Gs^Fms, Gs^Fms, Gs^Fds, Gs^Fms, Gs^Fms
Gs^Fms, Gs^Fms, Gs^Fms, Wog, Wog, Gs^Fms, Gs^Fms, Gs^Fms, Wwg, Wwg, Wwg, Gs^Fms, Wwg, Gs^Fms, Gs^Fms, Gs^Fms, Gs^Fms, Gs^Fms, Gs^Fms, Wwg, Wwg, Gs^Fms, Gs^Fms, Gs^Fms, Gs^Fms, Gs^Fds, Gs^Fds, Gs^Fms, Gs^Fms, Gs^Fms, Gs^Fms, Gs^Fms, Gs, Gs, Gs, Gs, Gs, Gs^Fms, Gs^Fms, Gs^Fms, Gs^Fms, Gs^Fms, Gs^Fms, Gs, Wwg, Wwg, Wwg, Gs^Fms, Gs^Fms, Gs^Fds, Gs^Fms, Gll^Fp, Gs^Fms, Gs^Fms, Gs^Fms, Gs^Fms, Gs^Fms, Gs^Fms, Gs^Fms, Gs^Fms, Gs^Fms, Gs^Fms, Gs^Fms, Gs^Fms, Gs^Fms, Gs^Fms, Gs^Fms, Gs^Fms, Gll^Fp, Gll^Fp, Gs^Fms, Gs^Fms, Gs^Fms, Gs^Fms, Gs^Fms
Gs^Fms, Gs^Fms, Gs^Fms, Gs, Gs^Fms, Wog, Wog, Wwg, Wog, Wog, Wog, Wwg, Wog, Wwg, Wwg, Gs^Fms, Gs^Fms, Gs^Fms, Gs^Fms, Gs^Fms, Gs^Fms, Wwg, Wwg, Gs^Fms, Gs^Fms, Gs^Fms, Gs^Fms, Gs^Fds, Gs^Fms, Gs^Fms, Gs, Gs, Mm^Fms, Hh^Fms, Mm^Fms, Ket^Ii, Re, Ket^Ii, Mm^Fms, Gs^Fms, Mm^Fms, Gs, Gs, Gs, Gs, Wwg, Wwg, Gs^Fms, Gs^Fms, Gs^Fms, Gs^Fms, Gll^Fp, Gs^Fms, Gs^Fms, Gs^Fms, Gs^Fms, Gs^Fms, Gs^Fms, Gs^Fms, Gs^Fms, Gs^Fms, Gs^Fms, Gs^Fms, Gll^Fp, Gs^Fms, Gs^Fms, Gs^Fms, Gs^Fms, Gll^Fp, Gs^Fms, Gs^Fms, Gs^Fms, Gs^Fms, Gs^Fms, Gs^Fms
Gs^Fms, Gll^Fp, Gll^Fp, Gs^Fms, Gs^Fms, Wwg, Wwg, Wog, Wog, Wog, Wog, Wog, Wog, Wog, Wog, Wwg, Gs^Fms, Gs^Fms, Gs^Fms, Gs^Fms, Gs^Fms, Gs^Fms, Wwg, Wwg, Gs^Fms, Gs^Fms, Gs^Fms, Gs^Fms, Gs^Fms, Gs^Fms, Gs, Gs, Mm^Fms, Mm^Fms, Mm^Fms, Re^Vl, Re, Re^Vl, Mm^Fms, Mm^Fms, Mm^Fms, Hh^Fms, Hh^Fms, Gs, Gs, Gs, Wwg, Wwg, Gs^Fms, Gs^Fms, Gs^Fms, Gll^Fp, Gll^Fp, Gll^Fp, Gll^Fp, Gs^Fms, Gll^Fp, Gll^Fp, Gll^Fp, Gs^Fms, Gs^Fms, Gs^Fms, Gs^Fms, Gll^Fp, Gll^Fp, Gs^Fms, Gs^Fms, Gs^Fms, Gs^Fms, Gs^Fms, Gs^Fms, Gg^Fet, Gs^Fms, Gs^Fms, Gs^Fms
Gs^Fms, Gs^Fms, Gs^Fms, Gs^Fms, Gs^Fms, Wwg, Wwg, Wog, Wog, Wog, Wog, Wog, Wog, Wog, Wog, Wwg, Wwg, Gs^Fms, Wwg, Wwg, Wwg, Gs^Fms, Wwg, Wwg, Wwg, Gs^Fms, Gs^Fms, Gs^Fms, Gs, Gs, Hh^Fms, Ket^Ii, Re^Vl, Mm^Fms, Mm^Fms, Re^Ebn, Re, Re^Ebn, Mm^Fms, Mm^Fms, Re^Vl, Ket^Ii, Hh^Fms, Gs, Gs, Gs, Wwg, Wwg, Gs^Fms, Gs^Fms, Gs^Fms, Gll^Fp, Gs^Fms, Gs^Fms, Gll^Fmw, Gs^Fms, Gs^Fms, Gs^Fms, Gs^Fms, Gll^Fmw, Gs^Fds, Gs^Fms, Gs^Fms, Gs^Fms, Gll^Fp, Gs^Fms, Gs^Fms, Gs^Fms, Gs^Fms, Gs^Fms, Gs^Fms, Gs^Fms, Gs^Fms, Gs^Fms, Gs^Fms
Gs^Fms, Gs^Fms, Gs^Fms, Gll^Fp, Gs^Fms, Gs^Fms, Wwg, Wog, Wog, Wog, Wog, Wog, Wog, Wog, Wog, Wog, Wwg, Wwg, Gs^Fms, Gs^Fms, Gs^Fms, Wwg, Gs^Fms, Wwg, Wwg, Gs^Fms, Gs^Fms, Gs^Fms, Gs, Gs, Hh^Fms, Mm^Fms, Mm^Fms, Ket^Ii, Ket^Ii, Ket^Ii, Cv^Ii, Ket^Ii, Ket^Ii, Ket^Ii, Mm^Fms, Mm^Fms, Hh^Fms, Gs, Gs, Gs, Gs, Wwg, Wwg, Gs^Fms, Gs^Fms, Gs^Fms, Gs^Fms, Gs^Fms, Gs^Fms, Gs^Fms, Gs^Fms, Gs^Fms, Gs^Fms, Gs^Fms, Gs^Fms, Gs^Fms, Gs^Fms, Gs^Fms, Gs^Fms, Gll^Fp, Gs^Fms, Gs^Fms, Gll^Fmw, Gs^Fms, Gs^Fms, Gs^Fms, Gs^Fms, Gs^Fms, Gs^Fms
Gs^Fms, Gs^Fms, Gs^Fms, Gll^Fp, Gs^Fms, Gs^Fms, Wog, Wog, Wwg, Wog, Wwg, Wog, Wwg, Wog, Wog, Wog, Wwg, Gs^Vl, Gs^Fms, Gs^Fms, Gs^Fms, Gs^Fms, Gs^Fms, Gs^Fms, Wwg, Gs^Fms, Gs^Fms, Gs, Gs, Hh^Fms, Hh^Fms, Mm^Fms, Mm^Fms, Mm^Fms, Ket^Ii, Ket^Ii, 3 Ket^Ii, Ket^Ii, Ket^Ii, Mm^Fms, Mm^Fms, Mm^Fms, Hh^Fms, Hh^Fms, Gs, Gs, Gs, Wwg, Wwg, Gs, Gs^Fms, Gs^Fms, Gs^Fds, Gs^Fms, Gs^Fms, Gs^Fms, Gs^Fms, Gs^Fms, Gs^Fms, Gs^Fms, Gs^Fms, Gs^Fms, Gs^Fms, Gll^Fmw, Gs^Fms, Gs^Fms, Gs^Fms, Gs^Fds, Gs^Fms, Gs^Fms, Gs^Fms, Gs^Fms, Gs^Fms, Gs^Fms, Gs^Fms
Gs^Fms, Gs^Fms, Gs^Fds, Gs^Fms, Gs^Fms, Wog, Gs^Fms, Gs^Fms, Gs, Wwg, Gs, Wwg, Wwg, Wwg, Wwg, Wwg, Gs, Gs^Fms, Gs^Fms, Gs^Fms, Gs^Fms, Gs^Fms, Gs^Fms, Gs^Fms, Gs^Fms, Wwg, Gs^Fms, Gs, Gs, Hh^Fms, Hh^Fms, Mm^Fms, Mm^Fms, Mm^Fms, Ket^Ii, Ket^Ii, Cv^Ii, Ket^Ii, Ket^Ii, Mm^Fms, Mm^Fms, Mm^Fms, Hh^Fms, Hh^Fms, Gs, Gs, Gs, Wwg, Wwg, Gs, Gs^Fms, Gs^Fms, Gll^Fmw, Gs^Fms, Gs^Fms, Gs^Efm, Gs^Efm, Gs^Fms, Gs^Fms, Gs^Fms, Gs^Fms, Gs^Fms, Gs^Fms, Gs^Fms, Gs^Fms, Gs^Fms, Gs^Fms, Gs^Fms, Gs^Fms, Gs^Fms, Gll^Fp, Gs^Fds, Gs^Fms, Gs^Fms, Gs^Fms
Gs^Fms, Gs^Fms, Gs^Fms, Gs^Fms, Wog, Wog, Gll^Fp, Gs^Fms, Gs^Fms, Gs, Gs^Fms, Gs, Gs, Gs, Gs, Gs, Gs^Fms, Gs^Fms, Gs^Fms, Gs^Fms, Gg^Fet, Gs^Fms, Gs^Fms, Gs^Fms, Gs^Fms, Wwg, Gs^Fms, Gs, Gs, Gs, Hh^Fms, Mm^Fms, Re^Vl, Ket^Ii, Mm^Fms, Ket^Ii, Re, Ket^Ii, Mm^Fms, Ket^Ii, Re^Vl, Hh^Fms, Hh^Fms, Gs, Gs, Gs, Wwg, Wwg, Wwg, Gs^Fms, Gs^Fms, Gs^Fms, Gs^Fms, Gs^Fms, Gs^Efm, Gs^Efm, Gs^Efm, Gs^Fms, Gs^Fms, Gs^Fms, Gs^Fms, Gs^Fms, Gs^Efm, Gs^Efm, Gs^Efm, Gs^Fms, Gs^Fms, Gs^Fms, Gs^Fms, Gs^Fms, Gs^Fms, Gll^Fp, Gll^Fp, Gs^Fms, Gs^Fms
Gs^Fms, Gs^Fms, Gs^Fms, Gs^Fms, Wog, Gs^Fms, Gll^Fp, Gs^Fms, Gs^Fms, Gs^Fms, Gs^Fms, Gs^Fms, Gs, Gs, Gs^Fms, Gs^Fms, Gs^Fms, Gs^Fms, Gll^Fp, Gs^Fms, Gs^Fms, Gs^Fms, Gs^Fms, Gs^Fms, Gs^Fms, Wwg, Gs, Gs, Gs, Gs, Gs, Ket^Ii, Mm^Fms, Mm^Fms, Mm^Fms, Re^Ebn, Re, Re^Ebn, Mm^Fms, Mm^Fms, Mm^Fms, Ket^Ii, Hh^Fms, Gs, Re, Gs, Wwg, Wwg, Gs^Efm, Gs^Fms, Gs^Fms, Gs^Fms, Gs^Fms, Gs^Efm, Gs, Gs, Gs, Gs^Efm, Rb^Gvs, Gs^Efm, Gs^Efm, Gs^Efm, Gs, Gs, Gs, Gs^Efm, Gs^Fms, Gs^Fms, Gs^Fms, Gs^Fms, Gll^Fmw, Gs^Fms, Gll^Fp, Gs^Fms, Gs^Fms
Wog, Gs^Fms, Wog, Wog, Gs^Fms, Gs^Fms, Gll^Fp, Gll^Fp, Gs^Fms, Gs^Fms, Gs, Gs, Ket, Gs, Gs, Gs^Fms, Gs^Fms, Gll^Fp, Gs^Fms, Gll^Fp, Gll^Fp, Gs^Fms, Gll^Fp, Gs^Fms, Gs, Wwg, Wwg, Gs, Gs, Gs, Gs, Hh^Fms, Hh^Fms, Mm^Fms, Mm^Fms, Re^Vl, Re, Re^Vl, Mm^Fms, Mm^Fms, Hh^Fms, Hh^Fms, Re, Re, Gs, Wwg^Bw\, Wwg^Bw\, Wwg, Gs, Gs^Efm, Gs^Efm, Gs^Efm, Gs^Efm, Gs^Efm, Gs, Gs, Gs, Rb^Gvs, Rb^Gvs, Rb^Gvs, Gs, Gs, Re, Gs, Gs, Gs^Efm, Gs^Fms, Gs^Fms, Gs^Fms, Gs^Fms, Gs^Fms, Gs^Fms, Gs^Fms, Gs^Fms, Gs^Fms
Gs^Fms, Wog, Gs^Fms, Gs, Gs^Fms, Gs^Fms, Gll^Fp, Gll^Fp, Gs^Fms, Gs, Gs, Ket^Vl, Re, Gs, Gs, Gs, Gs, Gs^Fms, Gs^Fms, Gs^Fms, Gs^Fms, Gll^Fp, Gs^Fms, Gs^Fms, Gs, Gs, Wwg, Gs, Gs, Gs, Gs, Gs, Gs, Hh^Fms, Hh^Fms, Ket^Ii, Re, Ket^Ii, Hh^Fms, Hh^Fms, Re, Re, Gs, Gs, Gs, Wwg, Wwg, Re, Re, Gs, Gs, Gs, Gs, Gs, Re, Re, Re, Ket, Ket^Vl, Ket, Re, Re, Gs, Re, Re, Gs^Efm, Gs^Efm, Gs^Fms, Gs^Fms, Gs^Fms, Gs^Fms, Gs^Fds, Gs^Fms, Gs^Fms, Gs^Fms
Gs^Fms, Gs^Fms, Gs^Fms, Gs^Fms, Gs^Fms, Gll^Fp, Gs^Fms, Gs^Fms, Gs, Gs, Gs^Efm, Ket, Gs, Re, Gs, Gs, Gs, Gs^Efm, Gs^Fms, Gs^Fms, Gs^Fms, Gs^Fms, Gs^Fms, Gs^Fms, Gs, Gs, Gs, Wwg, Wwg, Gs, Gs, Gs, Gs, Gs, Gs, Hh^Fms, Re, Hh^Fms, Re, Re, Gs, Gs, Gs, Gs, Gs, Wwg, Wwg, Gs, Gs, Re, Re, Gs, Re, Re, Gs, Gs, Gs, Re, Re, Re, Gs, Gs, Gs, Gs, Re, Gs, Gs, Gs^Efm, Gs^Fms, Gs^Fms, Gs^Fms, Gs^Fms, Gs^Fms, Gs^Fms, Gs^Fms
Gs^Fms, Gs^Fms, Gs^Fms, Gs^Fms, Gll^Fp, Gll^Fp, Gs^Fms, Gs^Fms, Gs, Gs^Efm, Gs^Efm, Gs, Gs, Re, Re, Gs^Fms, Gs, Gs, Hh^Fms, Gs^Fms, Gs, Gs, Gs, Gs^Vl, Gs^Efm, Gs, Gs^Efm, Gs, Gs, Wwg, Wwg, Gs, Gs, Gs, Gs^Vl, Gs, Re, Re, Gs, Gs, Gs, Gs, Wwg, Wwg, Wwg, Wog, Wog, Gs, Rb^Gvs, Gs, Gs^Vl, Re, Gs, Gs, Gs, Gs, Gs, Gs, Gs, Gs, Hh^Fms, Gs, Gs, Gs, Re, Gs, Gs^Efm, Gs^Efm, Gs^Fms, Gs^Fms, Gs^Fms, Gs^Fms, Gs^Efm, Gs^Fms, Gs^Fms
Gs^Fms, Gs^Fms, Gll^Fp, Gll^Fp, Gll^Fp, Gs^Fms, Gs^Fms, Gs^Fms, Gs, Gs^Efm, Gs^Efm, Gs^Efm, Gs, Re, Gs, Gs, Hh^Fms, Gs, Gs, Gs, Gs, Gs, Gs, Gs^Efm, Gs, Gs^Efm, Gs^Efm, Gs^Efm, Gs^Efm, Gs, Gs, Wwg, Wwg, Gs, Gs, Re, Re, Gs, Gs, Gs, Wwg, Wwg, Gs^Fms, Gs^Fms, Gs^Fms, Wwg, Wog, Wwg, Rb^Gvs, Rb^Gvs, Gs, Re, Gs, Gs, Gs^Fms, Gs^Fms, Gs^Fms, Gs^Fms, Hh^Fms, Hh^Fms, Mm^Ebn, Hh^Fms, Hh^Fms, Gs, Re, Gs, Gs^Efm, Gs^Fms, Gs^Fms, Gs^Efm, Gs^Fms, Gs^Efm, Gs, Gs^Fms, Gs^Fms
Gs^Fms, Gs^Fms, Gs^Fms, Gll^Fp, Gs^Fms, Gs^Fms, Gs^Fms, Gs^Fms, Gs, Gs^Efm, Gs^Efm, Gs, Re, Re, Gs^Fms, Hh^Fms, Hh^Fms, Hh^Fms, Gs, Hh^Fms, Gs, Gs, Re, Gs, Gs, Gs^Efm, Gs, Gs^Efm, Gs, Gs, Gs^Fms, Gs, Gs, Wwg, Wwg, Wwg, Wog^Bw|, Wwg, Wwg, Wwg, Gs, Gs^Fms, Gs^Fms, Gs^Fms, Gs^Fms, Gs^Fms, Wwg, Wog, Wwg, Rb^Gvs, Gs, Re, Gs, Gs^Fms, Gs^Fms, Gs^Fms, Gs^Fms, Gs^Fms, Hh^Fms, Mm^Fms, Mm^Fms, Mm^Fms, Hh^Fms, Gs, Re, Gs, Gs^Efm, Gs^Fms, Gs^Fms, Gs^Fms, Gs^Efm, Gs^Efm, Gs, Gs, Gs
Gs^Fms, Gs^Fms, Gs^Fms, Gs^Fms, Gs^Fms, Gs^Fms, Gs^Eff, Gs^Fms, Gs, Gs^Efm, Gs, Gs, Re, Gs, Gs^Fms, Hh^Fms, Hh^Fms, Hh^Fms, Gs^Fms, Gs, Re, Re, Gs, Re, Re, Re, Re, Re, Re, Gs, Gs, Gs^Fms, Gs^Fms, Gs, Gs, Gs, Re, Gs, Gs, Gs, Gs^Efm, Gs^Fms, Re, Gs^Vl, Gs^Fms, Gs^Fms, Gs, Wog, Wog, Gs, Gs, Re, Gs, Gs^Fms, Gs^Fms, Gs^Fms, Gs^Fms, Gs^Fms, Gs^Fms, Hh^Fms, Hh^Fms, Hh^Fms, Gs^Fms, Gs, Re, Gs^Efm, Gs^Fms, Gs^Fms, Gs^Fms, Gs^Efm, Gs, Gs^Vl, Re, Gs^Vl, Gs
Gs^Fms, Gs^Fds, Gs^Fds, Gs^Fms, Gs^Eff, Gs^Eff, Gs^Vl, Gs^Eff, Re, Re, Re, Re, Re, Gs, Gs^Fms, Gs^Fms, Md^Ebn, Hh^Fms, Re, Re, Gs^Efm, Gs, Gs, Gs, Gs, Gs, Gs, Gs, Gs^Fms, Re, Re, Gs^Fms, Gs, Gs, Re, Re, Gs, Re, Re, Gs^Vl, Re, Re, Rb^Gvs, Re, Re, Gs, Gs, Wog, Wog, Gs, Gs, Re, Gs, Gs^Fms, Rb^Gvs, Gs^Fms, Gs^Fms, Gs^Fms, Gs, Gs^Fms, Gs^Fms, Gs^Fms, Gs^Efm, Gs, Re, Gs^Efm, Gs^Fms, Gs^Fms, Gs^Fms, Gs^Efm, Gs, Gs, Re, Gs, Gs
Gs^Fms, Gs^Fms, Gs^Fms, Gs^Fms, Gs^Fms, Gs^Eff, Gs, Re, Gs, Gs^Fms, Hh^Fds, Hh^Fds, Gs, Re, Re, Md^Fms, Md^Fms, Md^Fms, Re, Gs^Efm, Gs^Efm, Gs, Gs^Fms, Gs, Gs^Fms, Gs, Gs^Efm, Gs^Efm, Gs, Gs, Gs^Efm, Re, Re, Re, Gs, Gs, Gs, Gs^Efm, Gs^Efm, Re, Gs^Eff, Rb^Gvs, Rb^Gvs, Rb^Gvs, Re, Gs^Vl, Gs^Eff, Wog, Wog, Gs, Gs, Re, Gs, Rb^Gvs, Rb^Gvs, Rb^Gvs, Gs, Gs, Re, Gs, Gs, Gs^Efm, Gs^Efm, Gs, Re, Gs^Efm, Gs^Efm, Gs^Efm, Gs^Efm, Gs^Efm, Gs^Vl, Gs, Re, Gs^Vl, Gs
Gs, Gs^Fms, Gs^Fms, Gs^Fms, Gs^Fms, Gs^Fms, Gs^Eff, Re, Rb^Gvs, Gs^Fms, Gs^Fms, Hh^Fds, Gs^Efm, Gs^Efm, Gs^Efm, Re, Re, Re, Gs^Efm, Gs^Efm, Gs^Efm, Gs^Efm, Hh^Fms, Hh^Fms, Hh^Fms, Gs^Fms, Gs, Gs^Efm, Gs^Efm, Gs^Efm, Gs^Efm, Gs^Vl, Re, Gs, Gs, Gs^Fms, Gs, Gs, Gs, Gs, Gs, Gs^Eff, Gs^Eff, Rb^Gvs, Gs^Eff, Gs^Eff, Wog, Wog, Wog, Gs, Gs, Re, Re, Gs, Gs^Vl, Gs, Re, Re, Gs, Re, Re, Gs, Gs, Gs^Vl, Re, Gs, Re, Re, Re, Gs^Efm, Re, Re, Gs, Gs, Gs
Gs, Gs, Gs, Gs, Re, Gs^Eff, Re, Re, Rb^Gvs, Rb^Wm, Rb^Gvs, Gs^Fms, Gs^Fms, Gs^Efm, Gs, Gs^Efm, Re, Gs^Efm, Gs, Gs^Efm, Gs^Fms, Gs^Fms, Hh^Fms, Hh^Fms, Gs^Fms, Gs^Fms, Gs, Gs, Gs^Fms, Gs^Efm, Gs^Efm, Gs, Re, Gs, Gs, Gs, Gs, Gs, Gs, Gs, Gs, Gs, Gs, Gs, Gs, Wog, Wog, Wog, Gs, Gs, Gs^Eff, Gs^Eff, Gs^Eff, Re, Re, Re, Gs^Eff, Gs^Eff, Gs^Eff, Gs, Gs, Re, Re, Re, Gs, Re, Gs^Efm, Gs^Efm, Gs^Efm, Re, Gs^Efm, Gs, Gs^Efm, Gs^Efm, Gs
Wwg, Ds, Gs, Gs^Vl, Gs, Re, Rb^Gvs, Re, Re, Rb^Gvs, Gs^Fms, Gs^Fds, Gs^Fms, Gs^Fms, Gs, Gs^Efm, Re, Gs, Gs, Gs^Efm, Gs^Efm, Gs^Fms, Hh^Fms, Gs^Fms, Gs^Vl, Gs^Fms, Gs^Fms, Gs^Fms, Gs, Gs, Gs, Gs, Re, Gs, Ket, Gs, Ce, Ce, Ce, Gs, Ket, Gs, Gs, Gs, Gs, Wog, Wog, Gs, Gs^Eff, Gs^Eff, Rb^Gvs, Rb^Gvs, Rb^Gvs, Gs^Vl, Re, Gs^Vl, Rb^Gvs, Rb^Gvs, Rb^Gvs, Gs^Eff, Gs^Eff, Gs, Gs, Gs, Gs^Efm, Gs^Efm, Gll^Fp, Gll^Fp, Gll^Fp, Gs^Efm, Gll^Fp, Gs^Efm, Gll^Fp, Gll^Fp, Gll^Fp
Wwg, Wwg, Wwg, Gs, Gs^Eff, Rb^Gvs, Rb^Gvs, Rb^Gvs, Rb^Gvs, Re, Gs, Gs^Fms, Gs^Fds, Gs, Gs, Gs^Efm, Gs, Re, Gs, Gs, Gs, Gs^Fms, Gs^Fms, Gs, Re, Gs^Fms, Gs^Fms, Gs^Fms, Gs, Gs, Gs, Gs, Ket, Rd, Rd, Ce, Re^Fms, Re^Vl, Re, Ce, Rd, Ce, Ket, Gs, Wog, Wog, Wog, Gs, Gs, Gs^Eff, Gs^Eff, Rb^Gvs, Gs^Eff, Gs^Eff, Re, Gs^Eff, Gs^Eff, Rb^Gvs, Gs^Eff, Gs^Eff, Gs, Gs, Gs, Gs, Gs^Efm, Gll^Fp, Gll^Fp, Gll^Fp, Gll^Fp, Gll^Fp, Gll^Fp, Gll^Fp, Gll^Fp, Gs^Fms, Gll^Fp
Wog, Wog, Wog, Wwg, Wwg, Gs^Eff, Gs^Eff, Rb^Gvs, Rb^Gvs, Re, Gs, Gs, Gs, Gs^Fds, Gs, Gs, Gs^Vl, Re, Gs, Gs, Gs^Fms, Gs^Fms, Gs^Fms, Gs^Vl, Re, Gs, Gs^Fms, Gs, Gs^Fms, Gs, Gs, Gs, Ce, Re, Rd, Re, Re^Vl, Re, Rd, Rd, Re^Vl, Rd, Ce, Wog, Wog, Wog, Gs^Eff, Gs^Eff, Gs^Eff, Gs, Gs, Gs^Eff, Re, Gs, Re, Gs, Gs, Gs^Eff, Ket, Gs, Gs, Gs, Gs, Gs^Efm, Gll^Fp, Gll^Fp, Gll^Fp, Gs^Fms, Gll^Fmw, Gll^Fp, Gll^Fp, Gs^Fms, Gs^Fms, Gll^Fp, Gll^Fp
Gll^Fp, Wog, Wog, Wog, Wog, Wwg, Ds, Gs, Gs^Vl, Re, Re, Gs, Re, Re, Re, Re, Re, Re, Gs, Gs, Gs^Fms, Gs^Fms, Gs^Fms, Gs^Fms, Re, Gs^Vl, Gs^Fms, Gs^Fms, Gs^Fms, Gs, Gs, Ket, Re^Vl, Re^Fms, Re, Rd, Rd, Rd, Re^Fms, Re^Fms, Re^Fms, Re, Ce, Wog, Wog, Gs, Rb^Gvs, Rb^Gvs, Rb^Gvs, Gs, Re, Re, Gs^Vl, Re, Gs, Re, Rd, Ket, Re^Vl, Ket, Ce, Gs, Gs, Gs^Efm, Gs^Efm, Gll^Fp, Gll^Fp, Gll^Fp, Gs^Fms, Gll^Fp, Hh^Fms, Hh^Fp, Hh^Fms, Gll^Fp, Gll^Fp
Gll^Fp, Gll^Fp, Gll^Fp, Wog, Wog, Wwg, Wwg, Ds, Gs, Gs, Gs, Re, Gs, Gs, Gs, Gs, Gs, Re, Re, Gs, Re, Gs, Gs, Gs^Fms, Gs^Fms, Re, Gs^Fms, Gs^Fms, Gs^Fms, Gs, Re, Re, Rd, Re, Rd, Re, Rd, Re, Re, Re^Fms, Re, Re, Ce, Wog^Bw\, Wog^Bw\, Gs, Gs, Rb^Gvs, Gs^Vl, Gs, Re, Rb^Gvs, Rb^Gvs, Rb^Gvs, Ket, Ket, Re^Fms, Rd, Re, Re^Fms, Re, Ce, Ce, Gs, Gs, Gs^Efm, Gll^Fp, Gll^Fp, Gll^Fp, Hh^Fp, Hh^Fp, Hh^Fp, Hh^Fms, Gll^Fp, Gll^Fp
Gll^Fp, Gll^Fp, Gll^Fp, Gll^Fp, Wog, Wog, Wwg, Ds, Ds, Gs, Gs, Gs, Gs, Gs, Gs, Gs, Gs, Re, Gs, Re, Gs, Re, Re, Gs, Re, Re, Gs, Gs^Fms, Re, Re, Gs, Ket, Ce, Rd, Re^Vl, Rd, Re, Rd, Re^Vl, Re, Re, Re, Ket, Wog, Wog, Re, Re, Re, Re, Re, Gs, Gs, Gs, Rb^Gvs, Ket, Re^Fms, Re^Vl, Rd, Re, Re^Vl, Re, Re, Re^Vl, Ket, Gs, Gs^Efm, Gll^Fp, Gll^Fp, Gll^Fp, Hh^Fp, Hh^Fms, Hh^Fp, Hh^Fms, Gll^Fp, Gll^Fp
Gll^Fp, Gs^Fms, Ss, Gll^Fp, Gll^Fp, Wog, Wog, Wwg, Wwg, Ds, Gs, Gs, Gll, Gs, Ket, Gs, Ket, Rd, Ket, Gs, Ket, Gs, Gs, Re, Gs, Re, Re, Re, Re, Re, Gs, Gs, Ket, Re, Re, Re, Re, Rd, Rd, Re, Ce, Ket, Ket, Wog, Wog, Gs, Gs, Gs, Gs, Gs, Gs, Gs, Ket, Ce, Re, Re, Rd, Rd, Rd, Re, Rd, Rd, Re, Ce, Gs^Efm, Gs^Efm, Gll^Fp, Gll^Fp, Gll^Fp, Gs^Fms, Gs^Fms, Hh^Fp, Gll^Fp, Gll^Fp, Gll^Fp
Gll^Fp, Gll^Fp, Gll^Fp, Ss^Vhs, Sm, Wog, Wog, Wog, Wwg, Ds, Ds, Gs, Gll, Ket, Re^Vl, Ce, Re^Fms, Rd, Re, Ce, Re^Vl, Ket, Gs, Gs, Gs, Gs, Gs, Gs^Vl, Gs, Gs, Gs, Gs, Gll, Ce, Ce, Re^Fms, Ce, Re, Ket, Ket, Wog^Bw\, Wog^Bw\, Wog, Wog, Wog, Gll, Gll, Gs, Gll, Gs, Gs, Gs, Ce, Re^Fms, Re^Vl, Rd, Re, Re, Re, Rd, Rd, Re, Ket, Ce, Gs^Efm, Gll^Fp, Gs^Fms, Gll^Fmw, Gll^Fp, Gll^Fp, Gll^Fp, Gs^Fms, Gll^Fp, Gll^Fp, Gs
Gll^Fp, Gll^Fp, Ss, Sm, Sm, Ss, Ss, Wog, Wog, Wwg, Ds, Gll, Ce, Ce, Rd, Re^Fms, Re, Rd, Re, Re^Fms, Rd, Ce, Ce, Gs, Gll, Gs, Gs^Fms, Gs^Fms, Gll^Fp, Gs, Gs^Fms, Gs, Gll, Gll, Gll, Ket, Gll, Ce, Gll, Ket, Wog, Wog, Wog, Wog, Wog, Wog, Gll, Gll, Gll, Gs, Gll, Gs, Ce, Re, Rd, Rd, Re, Ket, Re^Fms, Re^Fms, Re, Re^Vl, Ce, Gs, Gs^Efm, Gll^Fp, Gs^Efm, Gll^Fp, Gs^Efm, Gll^Fp, Gll^Fp, Gll^Fp, Gs^Fms, Gll^Fp, Gs
Gll^Fp, Gs^Fms, Gll^Fp, Gll^Fp, Gll^Fp, Ss, Ss, Wog, Wog, Wwg, Ds, Gll, Ket, Re^Vl, Rd, Re, Re^Vl, Rd, Re^Vl, Re, Rd, Re^Vl, Ket, Gs, Gll, Gll, Gs^Fms, Gll^Fp, Gll^Fp, Gs^Fms, Gll, Gs, Gll, Gll, Gll, Gll, Wwg, Gll, Wog, Wog, Wog, Wog, Wog, Wog, Wog, Wog, Wog, Gll, Gll, Gll, Gll, Gll, Gll, Ce, Re^Fms, Re, Ket, 1 Ket, Ket, Re^Fms, Re, Ce, Re, Gs, Gs, Gs^Efm, Gs, Gs^Efm, Gs^Efm, Gs^Fms, Gs^Fms, Gll^Fp, Gs^Fms, Gs^Fms, Gs
Gll^Fp, Gs^Fms, Gs^Fms, Gll^Fp, Ss, Gll^Fp, Sm, Wog, Wog, Wwg, Wwg, Ds, Ce, Re^Fms, Re, Rd, Rd, Rd, Rd, Rd, Re, Re, Ce, Gs, Gll, Gll^Fp, Gll, Gs^Fms, Gll, Gll, Gll, Gll, Gll, Gll, Wwg, Wwg, Wog, Wog, Wog, Wog, Wog, Wog, Wog, Wog, Wog, Wog, Wog, Wog, Wog, Wog, Wog, Gll, Wog, Ket, Ce, Re, Ket, Ket, Ket, Re, Ce, Ket, Gs, Re, Gs^Vl, Gs, Gs, Gs, Gs, Gs^Efm, Gs^Efm, Gs^Efm, Gs^Efm, Gs^Efm, Gs
Gll^Fp, Gll^Fp, Gll^Fp, Gll^Fp, Sm, Gll^Fp, Sm, Ss, Wog, Wog, Wwg, Ds, Ce, Re, Re, Rd, Ket, 2 Ket, Ket, Rd, Rd, Re^Fms, Ce, Gs, Gll, Gll, Gll, Gll, Gll, Gll, Wog, Wwg, Wog, Wog, Wog, Wog, Wog, Wog, Ds, Wog, Ds, Ds, Gll^Fp, Ds, Gll^Fp, Gll^Fp, Gll^Fp, Wog, Wog, Wog, Wog, Wog, Wog, Wog, Wog^Bw/, Ce, Ce, Re^Vl, Ce, Ce, Gs, Gs, Gs, Re, Re, Gs, Gs, Gs, Gll, Gs, Gs, Gs, Gs, Gs, Gs
Gll^Fp, Gll^Fp, Gll^Fmw, Gll^Fmw, Gll^Fp, Gll^Fp, Ss, Gll^Fp, Gll^Fp, Wog, Wog, Wog, Wog, Ket, Ce, Rd, Ce, Ket, Ce, Rd, Ce, Ket, Gll, Gll, Ds, Gll, Wog, Gll, Wog, Wog, Wog, Wog, Wog, Wog, Wog, Wog, Ds, Ds, Gll^Fp, Ds, Gll^Fp, Gll^Fp, Gll^Fp, Gll^Fp, Gll^Fp, Gll^Fp, Gll^Fp, Gll^Fp, Gll^Fp, Gll^Fp, Gll^Fp, Wog, Wog, Wog, Wog, Wog^Bw/, Wog^Bw/, Ce, Gll, Gs, Gll, Gs, Gs, Gs, Gll, Re, Gll, Gll, Gll, Gll, Gll, Gs, Gll, Gs, Gs
Gll^Fp, Gll^Fp, Gll^Fp, Gll^Fp, Sm, Ss, Ss^Vhs, Gll^Fp, Gll^Fp, Ss, Sm, Wog, Wog, Wog, Wog, Ket, Ce, Ce^Vl, Ce, Ket, Ds, Ds, Ds, Ds, Wwg, Wwg, Wog, Wog, Wog, Wog, Wwg, Wwg, Sm, Sm, Gll^Fp, Gll^Fp, Gll^Fp, Gll^Fp, Gll^Fp, Gll^Fp, Gll^Fp, Gll^Fp, Gll^Fp, Gll^Fp, Gll^Fp, Gll^Fp, Gll^Fp, Gll^Fp, Gll^Fp, Gll^Fp, Gll^Fp, Gll^Fp, Gll^Fp, Wog, Wog, Wog, Wog, Wog, Wog, Gll, Wog, Gll, Gll, Gll, Gll, Re, Wog, Wog, Wog, Wog, Wog, Gll, Gll, Gll, Gll
Gll^Fp, Gs^Fms, Gs^Fms, Gll^Fp, Gll^Fp, Ss, Ss, Ss, Sm, Gll^Fp, Sm, Sm, Wwg, Wog, Wog, Wog, Wog^Bw|, Ce, Wog^Bw|, Ds, Wwg, Wwg, Wwg, Wwg, Wog, Wog, Wog, Wog, Sm, Wwg, Gll^Fp, Gll^Fp, Sm, Sm, Gll^Fp, Gll^Fp, Gll^Fp, Gs^Fms, Gs^Fms, Gs^Fms, Gll^Fp, Gll^Fp, Gll^Fp, Gll^Fp, Gll^Fp, Gs^Fms, Gll^Fp, Gll^Fp, Gs^Fms, Gll^Fp, Gll^Fp, Gll^Fp, Gll^Fp, Gll^Fp, Gll^Fp, Wog, Wog, Wog, Wog, Wog, Wog, Wog, Wog, Wog, Wog, Wog^Bw|, Wog, Wog, Wog, Wog, Wog, Wog, Wog, Gll, Gll
Gll^Fp, Gll^Fp, Gll^Fp, Gs^Fms, Gll^Fp, Gll^Fp, Gll^Fp, Ss, Gll^Fp, Gll^Fp, Gll^Fp, Ss, Ss, Wwg, Wog, Wog, Wog, Wog^Bw|, Wog, Wog, Wog, Wog, Wog, Wog, Wog, Wog, Ss, Sm, Sm, Gll^Fp, Gll^Fp, Gll^Fp, Gll^Fp, Gll^Fp, Gll^Fp, Gll^Fp, Gll^Fp, Gs^Fms, Gll^Fp, Gll^Fp, Gll^Fp, Gll^Fp, Gs^Fms, Gll^Fp, Gs^Fms, Gll^Fp, Gll^Fp, Gs^Fms, Gll^Fp, Gll^Fp, Gll^Fp, Gll^Fp, Gll^Fp, Gll^Fp, Gll^Fp, Gll^Fp, Gll^Fp, Sm, Gll^Fp, Wog, Wog, Wog, Wog, Wog, Gll^Fp, Wog^Bw|, Gll^Fp, Gll^Fp, Gll^Fp, Gll^Fp, Gll^Fp, Wog, Wog, Wog, Wog
Gll^Fp, Gll^Fp, Gll^Fp, Gll^Fp, Gs^Fms, Gll^Fp, Gll^Fmw, Gll^Fp, Sm, Sm, Sm, Gll^Fp, Gll^Fp, Wwg, Wwg, Wog, Wog, Wog, Wog, Wog, Wwg, Wog, Ss, Ss, Ss, Ss, Sm, Sm, Gll^Fp, Gll^Fp, Gll^Fp, Gll^Fp, Gll^Fmw, Gll^Fp, Gll^Fp, Gll^Fp, Gll^Fp, Gll^Fp, Gll^Fp, Gs^Fms, Gll^Fp, Gll^Fp, Gll^Fp, Gll^Fp, Gs^Fms, Gs^Fms, Gs^Fms, Gs^Fms, Gll^Fp, Gll^Fp, Gll^Fp, Gs^Fms, Gs^Fms, Gll^Fp, Gs^Fms, Gs^Fms, Gll^Fp, Gll^Fp, Gll^Fp, Gll^Fp, Gll^Fmw, Gll^Fp, Gll^Fp, Gll^Fp, Gll^Fp, Re, Gll^Fp, Gll^Fp, Gll^Fp, Gll^Fp, Gs^Fms, Gll^Fp, Gll^Fp, Wog, Gll^Fp
Gll^Fp, Gll^Fp, Gs^Fms, Gg^Fet, Gll^Fp, Gs^Fms, Gll^Fp, Gll^Fp, Gll^Fp, Sm, Gll^Fp, Sm, Gll^Fp, Gll^Fp, Gll^Fp, Ss, Ss, Wwg, Ss, Wwg, Gll^Fp, Gll^Fp, Gll^Fp, Gll^Fp, Gll^Fp, Gll^Fp, Gll^Fmw, Gll^Fp, Gll^Fp, Gll^Fmw, Gll^Fp, Gll^Fp, Gs^Fms, Gll^Fp, Gll^Fp, Gll^Fp, Gs^Fms, Gll^Fp, Gll^Fp, Gll^Fp, Gll^Fp, Gs^Fms, Gll^Fp, Gll^Fp, Gs^Fms, Gg^Fet, Gs^Fms, Gs^Fms, Gs^Fms, Gll^Fp, Gll^Fp, Gll^Fp, Gll^Fp, Gll^Fp, Gll^Fp, Gll^Fp, Gll^Fp, Gll^Fmw, Gs^Fms, Gll^Fp, Gll^Fp, Gll^Fp, Gll^Fp, Gll^Fp, Gll^Fp, Re, Re, Re, Re, Gll^Fp, Gll^Fp, Gs^Fms, Gll^Fp, Gll^Fp, Gll^Fp
Gll^Fp, Gll^Fp, Gll^Fp, Gll^Fp, Gll^Fp, Gs^Fms, Gs^Fms, Gll^Fp, Gll^Fp, Gll^Fp, Gll^Fp, Gll^Fp, Gll^Fp, Ss, Gll^Fp, Gll^Fmw, Gll^Fp, Ss, Gll^Fp, Gll^Fp, Gll^Fp, Gll^Fp, Gll^Fp, Gll^Fp, Gll^Fp, Gll^Fp, Gll^Fp, Gll^Fp, Gll^Fp, Gll^Fp, Gll^Fp, Gs^Fms, Gll^Fp, Gll^Fp, Gll^Fp, Gll^Fp, Gll^Fp, Gll^Fp, Gll^Fp, Gll^Fp, Gll^Fp, Gll^Fp, Gll^Fp, Gll^Fp, Gll^Fp, Gs^Fms, Gll^Fp, Gll^Fp, Gll^Fp, Gll^Fp, Gll^Fp, Gs^Fms, Gll^Fp, Gs^Fms, Gs^Fms, Gll^Fp, Gll^Fp, Gll^Fp, Gll^Fp, Gs^Fms, Gs^Fms, Gll^Fp, Gs^Fms, Gll^Fp, Gll^Fp, Gll^Fp, Gll^Fp, Re, Re, Gll^Fp, Gll^Fp, Gs^Fms, Gs^Fms, Gll^Fp, Gll^Fp
Gll^Fp, Gll^Fp, Gll^Fp, Gll^Fp, Gll^Fp, Gll^Fp, Gs^Fms, Gll^Fp, Gll^Fp, Gll^Fp, Gll^Fp, Gll^Fp, Gll^Fp, Gll^Fp, Gll^Fp, Gll^Fp, Gll^Fp, Gll^Fp, Gll^Fp, Gll^Fp, Gll^Fp, Gll^Fp, Gll^Fp, Gll^Fp, Gll^Fp, Gll^Fp, Gll^Fp, Gll^Fp, Gll^Fp, Gll^Fp, Gll^Fp, Gll^Fp, Gll^Fp, Gll^Fp, Gll^Fp, Gll^Fp, Gll^Fp, Gll^Fp, Gll^Fp, Gll^Fp, Gll^Fp, Gll^Fp, Gll^Fp, Gll^Fp, Gll^Fp, Gll^Fp, Gll^Fp, Gll^Fp, Gll^Fp, Gll^Fp, Gll^Fp, Gll^Fp, Gll^Fp, Gll^Fp, Gll^Fp, Gll^Fp, Gll^Fp, Gll^Fp, Gll^Fp, Gll^Fp, Gll^Fp, Gs^Fms, Gll^Fp, Gll^Fp, Gll^Fp, Gll^Fp, Gll^Fp, Re, Gll^Fp, Gll^Fp, Gll^Fp, Gll^Fp, Gll^Fp, Gs^Fms, Gll^Fp
