Gs, Gs^Fms, Gg^Fms, Gg^Fms, Wwf, Gg, Gg^Fms, Gs, Gs^Fp, Gs, Gs^Fp, Gs, Gs^Em, Gg, Gg, Gg^Fms, Gg^Fms, Gg^Fms, Gg^Fms, Gs, Hh^Fds, Hh^Fds, Wwg, Gg, Gs, Gs^Fp, Gs^Fp, Gs^Fp, Gs^Fp, Gs, Gs^Em, Gs, Gg^Fms, Gs^Fms, Gg^Fms, Gg^Fms, Gg^Fms, Gs, Gs, Gd, Gd, Gs, Hh^Fds, Gg, Hh^Fds, Hh^Fds, Mm^Fds, Mm^Fds, Hh^Fds, Hh^Fds, Hh^Fds, Gll^Fp, Gll^Fp
Hh^Fds, Hh^Fds, Hh^Fds, Gg^Fms, Gg^Fms, Wwf, Gg^Fms, Gg^Fms, Gs^Fp, Gs^Fp, Gs^Fp, Gs^Fms, Gs^Em, Gg^Em, Gg, Gg^Fms, Hh^Fds, Hh^Fds, Hh^Fds, Hh^Fds, Hh^Fds, Hh^Fds, Gs, Wwg, Gs, Gs^Em, Gs^Fp, Gs^Fp, Gs^Fp, Gs^Fp, Gs^Em, Gg^Em, Gg^Efm, Gg^Fms, Gg, Gg^Fms, Gg, Gs^Em, Gg, Gd, Gd, Gs, Hh^Fms, Hh^Fds, Hh^Fds, Hh^Fds, Hh^Fds, Hh^Fds, Hh^Fds, Hh^Fds, Gs^Fp, Gll^Fp, Gg^Fp
Hh^Fds, Hh^Fds, Hh^Fds, Gg^Fds, Gg^Fms, Wwf, Wwf, Gg^Em, Gs^Em, Gs^Fp, Gs^Fp, Gs^Fp, Gg, Gg, Gg^Fms, Gg^Fms, Hh^Fds, Hh^Fds, Hh^Fds, Hh^Fds, Hh^Fds, Gg^Efm, Gs, Wwg, Wwg, Gs, Gs^Fp, Gs^Fp, Gs^Fp, Gs^Fp, Gs^Efm, Gg^Efm, Gg^Efm, Gg^Efm, Gg^Efm, Gg, Gg^Fms, Gg^Fms, Gs^Fms, Gg, Gs, Hh^Fms, Hh^Fms, Hh^Fms, Hh^Fms, Hh^Fds, Gs^Fms, Hh^Fds, Gs^Em, Gs^Fms, Gg^Fp, Gg^Fp, Gg^Fp
Hh^Fds, Hh^Fds, Hh^Fds, Gg^Fds, Gg^Fms, Gg, Wwf, Gs^Em, Gs^Em, Gs^Fp, Gs^Fp, Gs^Em, Gg^Efm, Gg^Fms, Hh^Fds, Hh^Fds, Hh^Fds, Hh^Fds, Hh^Fds, Hh^Fds, Gg^Efm, Gg^Vl, Gs, Gs, Wwg, Gs, Re, Re, Gg, Gg, Gg^Fds, Gg^Fds, Hh^Fds, Hh^Fds, Hh^Fds, Hh^Fds, Gs^Fms, Gg^Fms, Gg^Fms, Gg, Gg, Hh^Fms, Gs, Gs^Fms, Gg^Efm, Gs, Gg^Efm, Gg^Em, Gg^Fms, Gg^Fms, Gg^Fms, Gll^Fp, Gll^Fp
Hh^Fds, Hh^Fds, Hh^Fds, Hh^Fds, Gg^Em, Gg, Gs, Wwf, Gs, Gs^Gvs, Gs^Gvs, Gg^Efm, Gg^Efm, Gg^Fms, Hh^Fds, Hh^Fds, Hh^Fds, Hh^Fds, Hh^Fds, Gg^Fms, Gg^Efm, Gg^Efm, Gs, Wwg, Gs, Wwf, Wwf, Wwf, Wwf, Wwf, Wwf, Gg^Fds, Hh^Fds, Hh^Fds, Hh^Fds, Hh^Fds, Hh^Fds, Gg^Fds, Gg, Gg^Efm, 4 Gg^Efm, Gg^Efm, Gg, Gg^Efm, Gg^Efm, Gg^Efm, Gg, Gg, Gg, Gg^Fms, Gs^Fms, Gg^Fms, Gs^Fms
Gs^Fms, Hh^Fds, Hh^Fds, Hh^Fds, Hh^Fds, Gg^Gvs, Gs, Wwf, Gs, Gd^Vl, Gs, Gg^Em, Gg^Fms, Hh^Fds, Hh^Fds, Mm^Fms, Hh^Fds, Hh^Fds, Gg^Fds, Gg, Gg, Gs, Wwg, Wwg, Gs, Re, Gs, Gg, Gg^Fds, Gg^Fds, Wwf, Hh^Fds, Hh^Fds, Hh^Fds, Hh^Fds, Hh^Fds, Gg^Fds, Gg^Fds, Gg^Efm, Gg^Efm, Gg^Efm, Gg, Gs, Gs, Hh^Fds, Gs, Hh^Fds, Gs, Hh^Fds, Gs^Fms, Hh^Fds, Gs^Fms, Hh^Fds
Gs^Fms, Hh^Fds, Hh^Fds, Hh^Fds, Hh^Fds, Hh^Fds, Gg, Wwf^Bh/, Wwf, Gs, Gs, Gs, Gs^Fms, Gg^Fds, Gg^Fds, Gg^Fds, Hh^Fds, Wwf, Wwf, Wwf, Wwf, Wwf, Wwg, Gs, Re, Gd^Efm, Gd^Efm, Gg^Efm, Gg^Fds, Hh^Fds, Hh^Fds, Mm^Fds, Mm^Fds, Hh^Fds, Hh^Fds, Hh^Fds, Gg^Fds, Gg, Gg^Efm, Gg^Efm, Gs, Gs, Hh^Fds, Hh^Fds, Hh^Fds, Hh^Fds, Hh^Fds, Hh^Fds, Mm^Fds, Hh^Fds, Mm^Fds, Hh^Fds, Mm^Fds
Gs, Gg^Fms, Gg^Fms, Hh^Fds, Gg^Fms, Hh^Fds, Gg^Vl, Gg, Gs, Wwf, Gs, Gs^Gvs, Gs^Gvs, Gg^Fds, Gg^Fds, Gg^Fds, Hh^Fds, Gg^Fds, Gg^Fds, Gg, Gs, Gs, Wwg, Gs, Gs, Gd^Efm, Gg, Gg^Efm, Hh^Fds, Hh^Fds, Mm^Fds, Mm^Fds, Hh^Fds, Hh^Fds, Hh^Fds, Gg^Fds, Gg^Fds, Gg, Gg^Efm, Gg, Gs, Hh^Fds, Hh^Fds, Hh^Fds, Hh^Fds, Hh^Fds, Hh^Fds, Mm^Fds, Hh^Fds, Mm^Fds, Hh^Fds, Mm^Fds, Hh^Fds
Gs, Gs^Em, Gs, Gs, Gs, Gs, Gs, Gs^Gvs, Gs, Wwf, Gs, Gs^Gvs, Gs, Gs^Fds, Gg^Efm, Gg^Fds, Gg^Fds, Gg^Fds, Gg^Fds, Gg^Efm, Gg^Vl, Gs, Gs^Gvs, Wwg, Gs^Gvs, Re, Re, Gg^Fds, Hh^Fds, Hh^Fds, Mm^Fds, Hh^Fds, Hh^Fds, Hh^Fds, Gg^Efm, Gg^Fds, Gg, Gg, Gg, Gg, Gs^Vl, Gs^Efm, Gs^Fds, Gs^Fds, Gg^Fds, Gs^Fds, Gs^Fds, Hh^Fds, Hh^Fds, Hh^Fds, Hh^Fds, Hh^Fds, Hh^Fds
Wwf, Gs, Wwf, Wwf, Wwg, Wwg, Wwg^Bh|, Wwg, Wwg, Wwg, Gs, Gd, Gd^Gvs, Gs, Gg, Gg^Fds, Gg^Efm, Gg^Fds, Hh^Fds, Gg^Fds, Gg^Efm, Gg^Gvs, Gs^Gvs, Wwg, Wwg, Gs^Gvs, Gs^Efm, Gg^Vl, Hh^Fds, Hh^Fds, Hh^Fds, Hh^Fds, Gg^Fds, Gg^Fds, Gg^Efm, Gg^Gvs, Gs, Gs, Gg, Gg, Gg^Gvs, Gg^Efm, Gg^Fds, Gg^Fds, Gg^Fds, Gg^Fds, Gg^Efm, Gs^Fds, Gs, Hh^Fds, Hh^Fds, Hh^Fds, Gs
Gs, Wwf, Gs, Gs, Gs, Gs, Gs, Gs, Gs, Wwg, Wwg, Gs, Gs, Gs, Gs^Vl, Gg^Efm, Gg^Efm, Gg^Fds, Hh^Fds, Hh^Fds, Hh^Fds, Gg^Efm, Gg, Gs, Wwg, Gs, Gg, Gg^Efm, Hh^Fds, Hh^Fds, Hh^Fds, Hh^Fds, Gg^Fds, Gg^Efm, Gs, Gs, Wwf, Wwf^Bh|, Wwf, Gg, Gg^Gvs, Gg^Gvs, Gg^Gvs, Gg, Gg, Gg^Efm, Gg^Efm, Gg^Efm, Gg^Vl, Gs^Gvs, Gs^Gvs, Gs, Gs
Gs, Gs, Gs, Gd^Efm, Gd^Efm, Gs^Gvs, Gd^Efm, Re^Vl, Re, Gs, Gs, Wwg, Gs, Gs, Gs^Gvs, Gs^Gvs, Gg, Gg, Hh^Fds, Mm^Fds, Mm^Fds, Gg^Efm, Gg, Gs, Wwg, Gs, Re, Gg^Fms, Hh^Fds, Hh^Fds, Hh^Fds, Gg^Fds, Gg^Efm, Gg^Gvs, Gs, Wwf, Gs, Gs, Gs, Wwf, Wwf, Wwf, Wwf, Wwf, Wwf, Gg, Gg^Gvs, Gg^Efm, Gg^Efm, Gg^Efm, Gg^Efm, Gg^Efm, Gg
Gs^Fms, Gs, Gd^Efm, Gd^Efm, Gd^Efm, Gd^Efm, Gd^Efm, Gs, Gs^Gvs, Re, Gs, Wwg, Wwg, Gd, Gd, Gs^Gvs, Gs, Gg^Fds, Hh^Fds, Hh^Fds, Hh^Fds, Hh^Fds, Hh^Fds, Gs, Wwg, Gs, Re, Gg^Efm, Gg^Fms, Hh^Fds, Gg^Fds, Gg^Efm, Gs^Efm, Gs, Gs, Wwf, Gs, Gs, Gg^Vl, Gs^Gvs, Gs^Gvs, Gs, Gs, Gs, Gs, Wwf, Wwf, Gs, Gs, Gg^Gvs, Gs, Gg^Efm, Gg^Fms
Gs^Fms, Gs^Fms, Gd^Efm, Gd^Efm, Gd^Efm, Gd^Efm, Gd^Efm, Gd^Gvs, Gs^Gvs, Re, Re, Gs, Wwg, Gd, Gd, Gd, Gs, Gs^Gvs, Gs^Efm, Hh^Fds, Hh^Fds, Hh^Fds, Gg^Fds, Gs, Re, Wwg^Bh/, Wwg, Gs, Gs, Gg^Vl, Gg^Gvs, Gg^Gvs, Gs, Gs^Gvs, Gs, Wwf, Gs, Gg^Efm, Gg^Efm, Gg^Gvs, Gg^Efm, Gg^Efm, Hh^Fds, Gg^Efm, Hh^Fds, Gs^Fms, Wwrg, Hh^Fds, Hh^Fds, Gs^Fms, Hh^Fds, Gs^Fms, Gs^Fms
Gs, Gs^Gvs, Gd^Efm, Gd^Efm, Gs^Gvs, Gs^Gvs, Gs, Gs, Gs, Gs, Re, Gs, Gs, Wwg, Wwg, Wwg, Wwg, Gs, Gs, Gg^Fms, Gg^Fms, Hh^Fds, Hh^Fds, Gg, Re, Gs, Gs, Wwg, Gs, Gs, Gs, Gs, Wwf, Gs, Wwf, Wwf, Gs, Gs^Gvs, Hh^Fds, Gs^Fds, Hh^Fds, Hh^Fds, Hh^Fds, Hh^Fds, Hh^Fds, Hh^Fds, Mm^Fds, Hh^Fds, Mm^Fds, Hh^Fds, Hh^Fds, Gs^Fms, Gs^Fms
Gs^Fms, Gs^Fms, Gs^Fms, Gs, Gs, Gs, Ce^Bw/, Ce^Bw\, Ce^Bw/, Ket, Re, Ket, Ce^Bw\, Ce^Bw/, Ce^Bw\, Wwrg, Wwrg, Wwg, Gs, Gg, Gg, Gg^Efm, Gg^Efm, Re, Gg, Gs, Gs, Wwg, Wwg, Gs, Wwf, Wwf, Gs, Wwf, Gs, Gs, Gg^Efm, Gs^Fms, Hh^Fds, Hh^Fds, Hh^Fds, Hh^Fds, Hh^Fds, Hh^Fds, Hh^Fds, Mm^Fds, Hh^Fds, Mm^Fds, Mm^Fds, Mm^Fds, Mm^Fds, Hh^Fds, Hh^Fds
Gs, Gs^Fms, Gs, Gs, Gs, Ce^Bw|, Gll^Fds, Gll^Fds, Gll, Gll, Re, Gll^Vl, Gll, Gll^Fds, Gll^Fds, Rb^Bw\, Wwg, Wwg, Ce^Bw/, Ce^Bw\, Ce^Bw/, Ce^Bw\, Ket, Re, Ket, Ce^Bw/, Ce^Bw\, Ce^Bw/, Ce^Bw\, Wwg, Wwg, Wwf, Gs, Gs, Ce^Bw/, Gs, Gg, Gg^Efm, Gs, Hh^Fds, Hh^Fds, Hh^Fds, Gs^Fms, Hh^Fds, Gs^Fds, Hh^Fds, Hh^Fds, Hh^Fds, Hh^Fds, Mm^Fds, Mm^Fds, Mm^Fds, Mm^Fds
Re, Re, Re, Gs, Re, Ket, Re, Gll^Vl, Re, Re, Ce, Rp, Rp, Gll^Vl, Re, Ce^Bw|, Wwg^Bh/, Re, Re, Gll, Gll, Gll, Gll, Re, Gll, Gll^Fds, Gll^Vl, Gll^Fds, Gll, Rb^Bw\, Ce^Bw\, Wwg, Gs, Ce^Bw|, Gll^Fds, Ce^Bw\, Rb^Bw\, Ce^Bw/, Rb^Bw\, Ce^Bw/, Rb^Bw\, Ce^Bw/, Rb^Bw\, Ce^Bw/, Ce^Bw\, Gs^Fds, Gg^Efm, Hh^Fds, Hh^Fds, Hh^Fds, Hh^Fds, Hh^Fds, Hh^Fds
Gs^Fp, Gs^Gvs, Gs^Fp, Re, Gs^Fp, Re, Gll, Re, Rp, Ce, Ket^Vl, Ce, Rp, Re, Gll, Re, Wwg, Ce^Bw|, Gll^Vl, Re, Re, Gll^Vl, Gll^Fms, Re, Re, Gll, Re, Re, Re, Re, Wwg^Bh\, Wwg, Ce^Bw/, Rb^Bw|, Gll^Vl, Gll, Rp, Re, Rp, Gll^Vl, Re, Gll^Vl, Gll, Gll^Fds, Ce^Bw|, Gg, Gg^Fds, Gg^Efm, Gg, Gs, Gs, Hh^Fds, Hh^Fds
Wwg, Gs^Fp, Wwg, Gs^Fp, Wwg, Ket, Gll^Fds, Gll, Rp, Ce, Ce, Ce, Rp, Gll^Vl, Gll^Fds, Ce^Bw|, Wwg, Rb^Bw|, Gll^Fds, Gll, Re, Gll^Fds, Gll^Vl, Gll^Fms, Gll, Re, Gll, Gll^Vl, Rb^Bw|, Ce^Bw/, Wwg, Wwg^Bh\, Re, Gll, Re, Re, Ce, Ce, Ce, Rp, Rp, Re, Re, Gll^Vl, Ket, Gg^Efm, Gg^Efm, Gg^Fds, Gg^Fds, Gg^Efm, Gg^Efm, Hh^Fds, Gs
Wog, Wog, Wog, Wog, Wog, Ce^Bw|, Rb^Bw\, Gll^Vl, Gll, Rp, Rp, Rp, Gll, Gll, Gll, Rb^Bw|, Wwg, Ce^Bw\, Ce^Bw\, Gll^Vl, Gll, Re, Rp, Rp, Rp, Re, Gll^Vl, Gll^Fds, Ce^Bw|, Wwg, Wwg, Ce^Bw|, Gll, Re, Rp, Rp, Ce, 3 Ket^Vl, Ce, Rp, Gll^Fms, Gll, Re, Re, Re, Gg^Efm, Gg, Gg^Fds, Gg, Gg^Efm, Gg^Efm, Gs, Gg
Wog, Wog, Wog, Wog, Wog, Wog, Wog, Ce^Bw\, Ce^Bw\, Ce^Bw/, Wog^Bw|, Ce^Bw\, Ce^Bw/, Ce^Bw\, Rb^Bw/, Ce^Bw|, Wwg, Wwg, Wwg, Rb^Bw|, Gll^Vl, Rp, Ce, Ce, Ce, Rp, Re, Gll, Rb^Bw\, Wwg, Wwg, Rb^Bw\, Ce^Bw\, Gll^Fds, Gll^Vl, Rp, Re, Ce, Rp, Rp, Gll^Vl, Re, Gll, Gll, Ket, Re, Re, Re, Re, Re, Re, Re, Re
Wog, Wog, Wog, Wog, Wog, Wog, Wog, Wog, Wog, Wog, Wog, Wog, Wog, Wog, Wog, Wwg, Wog, Wwg, Wwg^Bw|, Ce^Bw/, Rp, Rp, Ce, Ket^Vl, Ce, Rp, Re, Gll^Vl, Gll^Fds, Ce^Bw\, Wwg, Wwg, Wwg, Rb^Bw|, Gll, Re, Gll^Vl, Rp, Gll, Re, Re, Re, Gll^Vl, Gll, Ce^Bw|, Gs^Gvs, Gs^Gvs, Gs^Gvs, Gs, Gs, Gs^Gvs, Gs, Gs
Gll^Fp, Gll^Fp, Gll^Fp, Gll^Fp, Gll^Fp, Gll^Fp, Gll^Fp, Wog, Wog, Wog, Wwg, Wog, Wog, Wog, Wog, Wog, Wog, Wog, Ce^Bw\, Gll^Fds, Ce^Bw\, Rp, Rp, Ce, Rp, Rp, Ce^Bw\, Gll^Fds, Ce^Bw/, Rb^Bw|, Ce^Bw\, Wwg, Wwg, Ce^Bw\, Rb^Bw\, Gll^Fds, Gll^Fds, Gll^Fds, Ket, Re, Ket, Gll^Fds, Gll^Fds, Gll^Fds, Ce^Bw/, Gs, Gd^Efm, Gd^Efm, Gd^Efm, Gd^Efm, Gd^Efm, Gd^Efm, Gd^Efm
Gll^Fp, Gll^Fp, Gll^Fp, Gll^Fp, Gll^Fp, Gll^Fp, Gll^Fp, Wwg, Wwg, Wwg, Wwg, Wwg, Ss, Wog, Wwg, Wog, Wog, Wog, Wog, Ce^Bw/, Wog, Ce^Bw\, Wog^Bw|, Rp, Wog^Bw|, Ce^Bw/, Wog, Ce^Bw/, Wog, Wog, Wog, Wog, Wog, Wwg, Wwg, Ce^Bw\, Ce^Bw/, Ce^Bw/, Wwg^Bh|, Re, Wwg^Bh|, Ce^Bw\, Ce^Bw/, Ce^Bw/, Wwg, Wwg, Wog, Gd^Efm, Wwg, Gd^Efm, Wwg, Gd^Efm, Wwg
Gll^Fp, Gll^Fp, Gll^Fp, Gll^Fp, Gll^Fp, Gll^Fp, Wwg, Wwg, Ss, Ss, Ss, Gll^Fp, Gll^Fp, Gll^Fp, Gll^Fp, Wwg, Gll^Fp, Wog, Wog, Wog, Wog, Wog, Wog, Wog^Bw|, Wog, Wog, Wog, Wog, Wog, Wog, Wog, Wog, Wog, Wog, Wog, Wwg, Wwf, Wwg^Bh\, Ce, Wwg^Bh|, Ce, Wwg^Bh/, Wwf, Wwg, Wog, Wog, Wog, Wog, Wog, Wog, Wog, Wog, Wog
Gll^Fp, Gll^Fp, Gll^Fp, Gll^Fp, Ss, Wwg, Ss, Ss^Vhs, Gll, Gll^Fp, Gll^Fp, Gll^Fp, Gll^Fp, Gll^Fp, Gll^Fp, Gll^Fp, Gll^Fp, Gll^Fp, Gll^Fp, Wog, Wwg, Wog, Wog, Wog, Wog, Wog, Wog, Wog, Wog, Wog, Wog, Wog, Wog, Wog, Wog, Wwg, Wwg, Gll, Wwg^Bh|, Gll, Wwg^Bh|, Gll, Wwg, Wwg, Wog, Wog, Wog, Wog, Wog, Wog, Wog, Wog, Wog
Gll^Fp, Gll^Fp, Gll^Fp, Ss, Wwg, Wwg, Gll^Fp, Gll^Fp, Gll^Tf, Gll, Gll^Fp, Gll^Fp, Gll^Fp, Gll^Fp, Gll^Fp, Gll^Fp, Gll^Fp, Gll^Fp, Gll^Fp, Gll^Fp, Gll^Fp, Gll^Fp, Gll^Fp, Wog, Gll^Fp, Wog, Gll^Fp, Wwg, Gll^Fp, Wwg, Gll^Fp, Wog, Wog, Wog, Wwg, Wwg, Wwg, Wwf, Wwg^Bh|, Wwg^Bh|, Wwg^Bh|, Wwf, Wwg, Wog, Wwg, Wog, Wwg, Wog, Wog, Wog, Wog, Wog, Wog
Gll^Fp, Gll^Fp, Gll^Fp, Ss, Wwg, Wwg, Gll^Fp, Gll^Fp, Gll^Tf, Gll^Tf, Gll^Fp, Gll^Fp, Gll^Fp, Gll^Em, Gll^Vhs, Gll^Fp, Gll^Fp, Gll^Fp, Gll^Fp, Gll^Fp, Gll^Fp, Gll^Fp, Gll^Fp, Gll^Fp, Gll^Fp, Gll^Fp, Gll^Fp, Gll^Fp, Gll^Fp, Gll^Fp, Gll^Fp, Gll^Fp, Gll^Fp, Gll^Fp, Gll^Fp, Gll^Fp, Re, Gll^Fp, Re, Re, Re, Gll^Fp, Re, Gll^Fp, Gll^Fp, Gll^Fp, Gll^Fp, Gll^Fp, Gll^Fp, Gll^Fp, Gll^Fp, Wwg, Gll^Fp
Wwg, Wwg, Wwg, Wwg, Gll^Fp, Gll^Fp, Gll^Fp, Gll^Fp, Gll^Fp, Gll^Fp, Gll^Fp, Gll^Tf, Gll^Tf, Gll^Fp, Gll^Em, Gll^Fp, Gll, Gll^Fp, Gll^Fp, Gll^Fp, Gll^Fp, Gll^Fp, Gll^Fp, Gll^Fp, Gll^Fp, Gll^Fp, Gll^Fp, Gll^Fp, Gll^Fp, Gll^Fp, Gll^Fp, Gll^Fp, Gll^Fp, Gll^Fp, Re, Re, Cer, Re^Edb, Re, Re, Re, Re^Edb, Cer, Re, Re, Gll^Fp, Gll^Fp, Gll^Fp, Gll^Fp, Gll^Fp, Gll^Fp, Gll^Fp, Gll^Fp
Gll^Fp, Gll^Fp, Gll^Fp, Gll^Fp, Gll^Fp, Gll^Fp, Gll^Fp, Gll^Fp, Gll^Fp, Gll^Fp, Gll^Fp, Gll^Tf, Gll^Fp, Gll^Em, Gll^Em, Gll^Em, Gll^Fp, Gll, Gll^Fp, Gll^Fp, Gll^Fp, Gll^Fp, Gll^Fp, Gll^Fp, Gll^Fp, Gll^Vhs, Gll^Em, Gll^Em, Gll^Fp, Gll^Fp, Gll^Fp, Gll, Gll^Fp, Gll^Fp, Re^Edb, Cer, 1 Ke, Cer, Re^Edb, Re^Ecf, Re^Edb, Cer, 2 Ke, Cer, Re^Edb, Gll^Fp, Gll^Fp, Gll^Fp, Gll^Fp, Gll^Fp, Gll^Fp, Gll^Fp, Gll^Fp
Gll^Fp, Gll^Fp, Gll^Fp, Gll^Fp, Gll^Fp, Gll^Fp, Gll^Fp, Gll^Fp, Gll^Fp, Gll^Fp, Gll^Fp, Gll^Fp, Gll^Fp, Gll^Tf, Gll^Fp, Gll^Fp, Gll^Fp, Gll^Fp, Gll^Fp, Gll^Fp, Gll^Fp, Gll^Fp, Gll^Fp, Gll^Tf, Gll^Fp, Gll^Em, Gll^Em, Gll^Fp, Gll^Fp, Gll^Fp, Gll^Fp, Gll^Fp, Gll^Fp, Gll^Fp, Re^Edb, Cer, Cer, Cer, Re, Re, Re, Cer, Cer, Cer, Re^Edb, Gll^Fp, Gll^Fp, Gll^Fp, Gll^Fp, Gll^Fp, Gll^Fp, Gll^Fp, Gll^Fp
Gll^Fp, Gll^Fp, Gll^Fp, Gll^Fp, Gll^Fp, Gll^Fp, Gll^Fp, Gll^Fp, Gll^Fp, Gll^Fp, Gll^Fp, Gll^Fp, Gll^Fp, Gll^Fp, Gll^Fp, Gll^Fp, Gll^Fp, Gll^Fp, Gll^Fp, Gll^Fp, Gll^Fp, Gll^Fp, Gll^Fp, Gll^Fp, Gll^Fp, Gll^Fp, Gll^Em, Gll^Fp, Gll^Fp, Gll^Fp, Gll^Fp, Gll^Fp, Gll^Fp, Gll^Fp, Gll^Fp, Re^Edt, Re^Edt, Re^Edt, Re^Vct, Re^Vct, Re^Vct, Re^Edt, Re^Edt, Re^Edt, Gll^Fp, Gll^Fp, Gll^Fp, Gll^Fp, Gll^Fp, Gll^Fp, Gll^Fp, Gll^Em, Gll^Em
Gll^Fp, Gll^Fp, Gll^Fp, Gll^Fp, Gll^Fp, Gll^Fp, Gll^Fp, Gll^Fp, Gll^Fp, Gll^Fp, Gll^Fp, Gll^Fp, Gll^Fp, Gll^Fp, Gll^Fp, Gll^Fp, Gll^Fp, Gll^Fp, Gll^Fp, Gll^Fp, Gll^Fp, Gll^Fp, Gll^Fp, Gll^Fp, Gll^Fp, Gll^Fp, Gll^Fp, Gll^Fp, Gll^Fp, Gll^Fp, Gll^Fp, Gll^Fp, Gll^Fp, Gll^Fp, Gll^Fp, Gll^Fp, Gll^Fp, Re, Re, Re^Vct, Re, Re, Gll^Fp, Gll^Fp, Gll^Fp, Gll^Fp, Gll^Fp, Gll^Fp, Gll^Fp, Gll^Fp, Gll^Em, Gll^Em, Gll^Tf
Gll^Fp, Gll^Fp, Gll^Fp, Gll^Fp, Gll^Fp, Gll^Fp, Gll^Fp, Gll^Fp, Gll^Fp, Gll^Fp, Gll^Fp, Gll^Fp, Gll^Fp, Gll^Fp, Gll^Fp, Gll^Fp, Gll^Fp, Gll^Fp, Gll^Fp, Gll^Fp, Gll^Fp, Gll^Fp, Gll^Fp, Gll^Fp, Gll^Fp, Gll^Fp, Gll^Fp, Gll^Fp, Gll^Fp, Gll^Fp, Gll^Fp, Gll^Fp, Gll^Fp, Gll^Fp, Gll^Fp, Gll^Fp, Re, Gll^Fp, Gll^Fp, Re, Gll^Fp, Gll^Fp, Gll^Fp, Gll^Fp, Gll^Fp, Gll^Fp, Gll^Fp, Gll^Fp, Gll^Fp, Gll^Fp, Gll, Gll^Tf, Gll^Tf
